<?xml version="1.0"?>
<link_info>
   <banner>TMS320C2000 Linker PC v15.12.7.LTS</banner>
   <copyright>Copyright (c) 1996-2017 Texas Instruments Incorporated</copyright>
   <link_time>0x66538951</link_time>
   <link_errors>0x0</link_errors>
   <output_file>Example_28377SLaunchPad.out</output_file>
   <entry_point>
      <name>_c_int00</name>
      <address>0x84579</address>
   </entry_point>
   <input_file_list>
      <input_file id="fl-4">
         <path>.\</path>
         <kind>object</kind>
         <file>Example_F28377xLaunchPadDemo.obj</file>
         <name>Example_F28377xLaunchPadDemo.obj</name>
      </input_file>
      <input_file id="fl-5">
         <path>.\</path>
         <kind>object</kind>
         <file>F2837xS_Adc.obj</file>
         <name>F2837xS_Adc.obj</name>
      </input_file>
      <input_file id="fl-6">
         <path>.\</path>
         <kind>object</kind>
         <file>F2837xS_CodeStartBranch.obj</file>
         <name>F2837xS_CodeStartBranch.obj</name>
      </input_file>
      <input_file id="fl-7">
         <path>.\</path>
         <kind>object</kind>
         <file>F2837xS_CpuTimers.obj</file>
         <name>F2837xS_CpuTimers.obj</name>
      </input_file>
      <input_file id="fl-8">
         <path>.\</path>
         <kind>object</kind>
         <file>F2837xS_DefaultISR.obj</file>
         <name>F2837xS_DefaultISR.obj</name>
      </input_file>
      <input_file id="fl-9">
         <path>.\</path>
         <kind>object</kind>
         <file>F2837xS_GlobalVariableDefs.obj</file>
         <name>F2837xS_GlobalVariableDefs.obj</name>
      </input_file>
      <input_file id="fl-a">
         <path>.\</path>
         <kind>object</kind>
         <file>F2837xS_Gpio.obj</file>
         <name>F2837xS_Gpio.obj</name>
      </input_file>
      <input_file id="fl-b">
         <path>.\</path>
         <kind>object</kind>
         <file>F2837xS_PieCtrl.obj</file>
         <name>F2837xS_PieCtrl.obj</name>
      </input_file>
      <input_file id="fl-c">
         <path>.\</path>
         <kind>object</kind>
         <file>F2837xS_PieVect.obj</file>
         <name>F2837xS_PieVect.obj</name>
      </input_file>
      <input_file id="fl-d">
         <path>.\</path>
         <kind>object</kind>
         <file>F2837xS_Sci.obj</file>
         <name>F2837xS_Sci.obj</name>
      </input_file>
      <input_file id="fl-e">
         <path>.\</path>
         <kind>object</kind>
         <file>F2837xS_SysCtrl.obj</file>
         <name>F2837xS_SysCtrl.obj</name>
      </input_file>
      <input_file id="fl-f">
         <path>.\</path>
         <kind>object</kind>
         <file>F2837xS_usDelay.obj</file>
         <name>F2837xS_usDelay.obj</name>
      </input_file>
      <input_file id="fl-10">
         <path>.\</path>
         <kind>object</kind>
         <file>sci_io.obj</file>
         <name>sci_io.obj</name>
      </input_file>
      <input_file id="fl-16">
         <kind>object</kind>
         <file>&lt;internal&gt;</file>
         <name>&lt;internal&gt;</name>
      </input_file>
      <input_file id="fl-1c">
         <path>C:\ti\ccs1250\ccs\tools\compiler\ti-cgt-c2000_15.12.7.LTS\lib\</path>
         <kind>archive</kind>
         <file>rts2800_fpu32.lib</file>
         <name>defs.obj</name>
      </input_file>
      <input_file id="fl-1d">
         <path>C:\ti\ccs1250\ccs\tools\compiler\ti-cgt-c2000_15.12.7.LTS\lib\</path>
         <kind>archive</kind>
         <file>rts2800_fpu32.lib</file>
         <name>add_device.obj</name>
      </input_file>
      <input_file id="fl-1e">
         <path>C:\ti\ccs1250\ccs\tools\compiler\ti-cgt-c2000_15.12.7.LTS\lib\</path>
         <kind>archive</kind>
         <file>rts2800_fpu32.lib</file>
         <name>write.obj</name>
      </input_file>
      <input_file id="fl-1f">
         <path>C:\ti\ccs1250\ccs\tools\compiler\ti-cgt-c2000_15.12.7.LTS\lib\</path>
         <kind>archive</kind>
         <file>rts2800_fpu32.lib</file>
         <name>hostclose.obj</name>
      </input_file>
      <input_file id="fl-20">
         <path>C:\ti\ccs1250\ccs\tools\compiler\ti-cgt-c2000_15.12.7.LTS\lib\</path>
         <kind>archive</kind>
         <file>rts2800_fpu32.lib</file>
         <name>hostlseek.obj</name>
      </input_file>
      <input_file id="fl-21">
         <path>C:\ti\ccs1250\ccs\tools\compiler\ti-cgt-c2000_15.12.7.LTS\lib\</path>
         <kind>archive</kind>
         <file>rts2800_fpu32.lib</file>
         <name>hostopen.obj</name>
      </input_file>
      <input_file id="fl-22">
         <path>C:\ti\ccs1250\ccs\tools\compiler\ti-cgt-c2000_15.12.7.LTS\lib\</path>
         <kind>archive</kind>
         <file>rts2800_fpu32.lib</file>
         <name>hostread.obj</name>
      </input_file>
      <input_file id="fl-23">
         <path>C:\ti\ccs1250\ccs\tools\compiler\ti-cgt-c2000_15.12.7.LTS\lib\</path>
         <kind>archive</kind>
         <file>rts2800_fpu32.lib</file>
         <name>hostrename.obj</name>
      </input_file>
      <input_file id="fl-24">
         <path>C:\ti\ccs1250\ccs\tools\compiler\ti-cgt-c2000_15.12.7.LTS\lib\</path>
         <kind>archive</kind>
         <file>rts2800_fpu32.lib</file>
         <name>hostunlink.obj</name>
      </input_file>
      <input_file id="fl-25">
         <path>C:\ti\ccs1250\ccs\tools\compiler\ti-cgt-c2000_15.12.7.LTS\lib\</path>
         <kind>archive</kind>
         <file>rts2800_fpu32.lib</file>
         <name>hostwrite.obj</name>
      </input_file>
      <input_file id="fl-26">
         <path>C:\ti\ccs1250\ccs\tools\compiler\ti-cgt-c2000_15.12.7.LTS\lib\</path>
         <kind>archive</kind>
         <file>rts2800_fpu32.lib</file>
         <name>trgmsg.obj</name>
      </input_file>
      <input_file id="fl-27">
         <path>C:\ti\ccs1250\ccs\tools\compiler\ti-cgt-c2000_15.12.7.LTS\lib\</path>
         <kind>archive</kind>
         <file>rts2800_fpu32.lib</file>
         <name>_lock.obj</name>
      </input_file>
      <input_file id="fl-28">
         <path>C:\ti\ccs1250\ccs\tools\compiler\ti-cgt-c2000_15.12.7.LTS\lib\</path>
         <kind>archive</kind>
         <file>rts2800_fpu32.lib</file>
         <name>boot.obj</name>
      </input_file>
      <input_file id="fl-29">
         <path>C:\ti\ccs1250\ccs\tools\compiler\ti-cgt-c2000_15.12.7.LTS\lib\</path>
         <kind>archive</kind>
         <file>rts2800_fpu32.lib</file>
         <name>args_main.obj</name>
      </input_file>
      <input_file id="fl-2a">
         <path>C:\ti\ccs1250\ccs\tools\compiler\ti-cgt-c2000_15.12.7.LTS\lib\</path>
         <kind>archive</kind>
         <file>rts2800_fpu32.lib</file>
         <name>startup.obj</name>
      </input_file>
      <input_file id="fl-2b">
         <path>C:\ti\ccs1250\ccs\tools\compiler\ti-cgt-c2000_15.12.7.LTS\lib\</path>
         <kind>archive</kind>
         <file>rts2800_fpu32.lib</file>
         <name>pre_init.obj</name>
      </input_file>
      <input_file id="fl-2c">
         <path>C:\ti\ccs1250\ccs\tools\compiler\ti-cgt-c2000_15.12.7.LTS\lib\</path>
         <kind>archive</kind>
         <file>rts2800_fpu32.lib</file>
         <name>cpy_tbl.obj</name>
      </input_file>
      <input_file id="fl-2d">
         <path>C:\ti\ccs1250\ccs\tools\compiler\ti-cgt-c2000_15.12.7.LTS\lib\</path>
         <kind>archive</kind>
         <file>rts2800_fpu32.lib</file>
         <name>cpy_utils.obj</name>
      </input_file>
      <input_file id="fl-2e">
         <path>C:\ti\ccs1250\ccs\tools\compiler\ti-cgt-c2000_15.12.7.LTS\lib\</path>
         <kind>archive</kind>
         <file>rts2800_fpu32.lib</file>
         <name>exit.obj</name>
      </input_file>
      <input_file id="fl-2f">
         <path>C:\ti\ccs1250\ccs\tools\compiler\ti-cgt-c2000_15.12.7.LTS\lib\</path>
         <kind>archive</kind>
         <file>rts2800_fpu32.lib</file>
         <name>getdevice.obj</name>
      </input_file>
      <input_file id="fl-30">
         <path>C:\ti\ccs1250\ccs\tools\compiler\ti-cgt-c2000_15.12.7.LTS\lib\</path>
         <kind>archive</kind>
         <file>rts2800_fpu32.lib</file>
         <name>fopen.obj</name>
      </input_file>
      <input_file id="fl-31">
         <path>C:\ti\ccs1250\ccs\tools\compiler\ti-cgt-c2000_15.12.7.LTS\lib\</path>
         <kind>archive</kind>
         <file>rts2800_fpu32.lib</file>
         <name>fclose.obj</name>
      </input_file>
      <input_file id="fl-32">
         <path>C:\ti\ccs1250\ccs\tools\compiler\ti-cgt-c2000_15.12.7.LTS\lib\</path>
         <kind>archive</kind>
         <file>rts2800_fpu32.lib</file>
         <name>fflush.obj</name>
      </input_file>
      <input_file id="fl-33">
         <path>C:\ti\ccs1250\ccs\tools\compiler\ti-cgt-c2000_15.12.7.LTS\lib\</path>
         <kind>archive</kind>
         <file>rts2800_fpu32.lib</file>
         <name>close.obj</name>
      </input_file>
      <input_file id="fl-34">
         <path>C:\ti\ccs1250\ccs\tools\compiler\ti-cgt-c2000_15.12.7.LTS\lib\</path>
         <kind>archive</kind>
         <file>rts2800_fpu32.lib</file>
         <name>memory.obj</name>
      </input_file>
      <input_file id="fl-35">
         <path>C:\ti\ccs1250\ccs\tools\compiler\ti-cgt-c2000_15.12.7.LTS\lib\</path>
         <kind>archive</kind>
         <file>rts2800_fpu32.lib</file>
         <name>memcpy.obj</name>
      </input_file>
      <input_file id="fl-36">
         <path>C:\ti\ccs1250\ccs\tools\compiler\ti-cgt-c2000_15.12.7.LTS\lib\</path>
         <kind>archive</kind>
         <file>rts2800_fpu32.lib</file>
         <name>open.obj</name>
      </input_file>
      <input_file id="fl-37">
         <path>C:\ti\ccs1250\ccs\tools\compiler\ti-cgt-c2000_15.12.7.LTS\lib\</path>
         <kind>archive</kind>
         <file>rts2800_fpu32.lib</file>
         <name>printf.obj</name>
      </input_file>
      <input_file id="fl-38">
         <path>C:\ti\ccs1250\ccs\tools\compiler\ti-cgt-c2000_15.12.7.LTS\lib\</path>
         <kind>archive</kind>
         <file>rts2800_fpu32.lib</file>
         <name>_printfi.obj</name>
      </input_file>
      <input_file id="fl-39">
         <path>C:\ti\ccs1250\ccs\tools\compiler\ti-cgt-c2000_15.12.7.LTS\lib\</path>
         <kind>archive</kind>
         <file>rts2800_fpu32.lib</file>
         <name>fd_cmp.obj</name>
      </input_file>
      <input_file id="fl-3a">
         <path>C:\ti\ccs1250\ccs\tools\compiler\ti-cgt-c2000_15.12.7.LTS\lib\</path>
         <kind>archive</kind>
         <file>rts2800_fpu32.lib</file>
         <name>fd_div.obj</name>
      </input_file>
      <input_file id="fl-3b">
         <path>C:\ti\ccs1250\ccs\tools\compiler\ti-cgt-c2000_15.12.7.LTS\lib\</path>
         <kind>archive</kind>
         <file>rts2800_fpu32.lib</file>
         <name>fd_mpy.obj</name>
      </input_file>
      <input_file id="fl-3c">
         <path>C:\ti\ccs1250\ccs\tools\compiler\ti-cgt-c2000_15.12.7.LTS\lib\</path>
         <kind>archive</kind>
         <file>rts2800_fpu32.lib</file>
         <name>fd_neg.obj</name>
      </input_file>
      <input_file id="fl-3d">
         <path>C:\ti\ccs1250\ccs\tools\compiler\ti-cgt-c2000_15.12.7.LTS\lib\</path>
         <kind>archive</kind>
         <file>rts2800_fpu32.lib</file>
         <name>fd_sub.obj</name>
      </input_file>
      <input_file id="fl-3e">
         <path>C:\ti\ccs1250\ccs\tools\compiler\ti-cgt-c2000_15.12.7.LTS\lib\</path>
         <kind>archive</kind>
         <file>rts2800_fpu32.lib</file>
         <name>fd_add.obj</name>
      </input_file>
      <input_file id="fl-3f">
         <path>C:\ti\ccs1250\ccs\tools\compiler\ti-cgt-c2000_15.12.7.LTS\lib\</path>
         <kind>archive</kind>
         <file>rts2800_fpu32.lib</file>
         <name>fd_toi.obj</name>
      </input_file>
      <input_file id="fl-40">
         <path>C:\ti\ccs1250\ccs\tools\compiler\ti-cgt-c2000_15.12.7.LTS\lib\</path>
         <kind>archive</kind>
         <file>rts2800_fpu32.lib</file>
         <name>fd_tol.obj</name>
      </input_file>
      <input_file id="fl-41">
         <path>C:\ti\ccs1250\ccs\tools\compiler\ti-cgt-c2000_15.12.7.LTS\lib\</path>
         <kind>archive</kind>
         <file>rts2800_fpu32.lib</file>
         <name>fs_tofd.obj</name>
      </input_file>
      <input_file id="fl-42">
         <path>C:\ti\ccs1250\ccs\tools\compiler\ti-cgt-c2000_15.12.7.LTS\lib\</path>
         <kind>archive</kind>
         <file>rts2800_fpu32.lib</file>
         <name>i_tofd.obj</name>
      </input_file>
      <input_file id="fl-43">
         <path>C:\ti\ccs1250\ccs\tools\compiler\ti-cgt-c2000_15.12.7.LTS\lib\</path>
         <kind>archive</kind>
         <file>rts2800_fpu32.lib</file>
         <name>l_tofd.obj</name>
      </input_file>
      <input_file id="fl-44">
         <path>C:\ti\ccs1250\ccs\tools\compiler\ti-cgt-c2000_15.12.7.LTS\lib\</path>
         <kind>archive</kind>
         <file>rts2800_fpu32.lib</file>
         <name>ll_aox.obj</name>
      </input_file>
      <input_file id="fl-45">
         <path>C:\ti\ccs1250\ccs\tools\compiler\ti-cgt-c2000_15.12.7.LTS\lib\</path>
         <kind>archive</kind>
         <file>rts2800_fpu32.lib</file>
         <name>ll_cmp.obj</name>
      </input_file>
      <input_file id="fl-46">
         <path>C:\ti\ccs1250\ccs\tools\compiler\ti-cgt-c2000_15.12.7.LTS\lib\</path>
         <kind>archive</kind>
         <file>rts2800_fpu32.lib</file>
         <name>ll_div.obj</name>
      </input_file>
      <input_file id="fl-47">
         <path>C:\ti\ccs1250\ccs\tools\compiler\ti-cgt-c2000_15.12.7.LTS\lib\</path>
         <kind>archive</kind>
         <file>rts2800_fpu32.lib</file>
         <name>atoi.obj</name>
      </input_file>
      <input_file id="fl-48">
         <path>C:\ti\ccs1250\ccs\tools\compiler\ti-cgt-c2000_15.12.7.LTS\lib\</path>
         <kind>archive</kind>
         <file>rts2800_fpu32.lib</file>
         <name>ctype.obj</name>
      </input_file>
      <input_file id="fl-49">
         <path>C:\ti\ccs1250\ccs\tools\compiler\ti-cgt-c2000_15.12.7.LTS\lib\</path>
         <kind>archive</kind>
         <file>rts2800_fpu32.lib</file>
         <name>fputc.obj</name>
      </input_file>
      <input_file id="fl-4a">
         <path>C:\ti\ccs1250\ccs\tools\compiler\ti-cgt-c2000_15.12.7.LTS\lib\</path>
         <kind>archive</kind>
         <file>rts2800_fpu32.lib</file>
         <name>_io_perm.obj</name>
      </input_file>
      <input_file id="fl-4b">
         <path>C:\ti\ccs1250\ccs\tools\compiler\ti-cgt-c2000_15.12.7.LTS\lib\</path>
         <kind>archive</kind>
         <file>rts2800_fpu32.lib</file>
         <name>fputs.obj</name>
      </input_file>
      <input_file id="fl-4c">
         <path>C:\ti\ccs1250\ccs\tools\compiler\ti-cgt-c2000_15.12.7.LTS\lib\</path>
         <kind>archive</kind>
         <file>rts2800_fpu32.lib</file>
         <name>s_frexp.obj</name>
      </input_file>
      <input_file id="fl-4d">
         <path>C:\ti\ccs1250\ccs\tools\compiler\ti-cgt-c2000_15.12.7.LTS\lib\</path>
         <kind>archive</kind>
         <file>rts2800_fpu32.lib</file>
         <name>fseek.obj</name>
      </input_file>
      <input_file id="fl-4e">
         <path>C:\ti\ccs1250\ccs\tools\compiler\ti-cgt-c2000_15.12.7.LTS\lib\</path>
         <kind>archive</kind>
         <file>rts2800_fpu32.lib</file>
         <name>s_scalbn.obj</name>
      </input_file>
      <input_file id="fl-4f">
         <path>C:\ti\ccs1250\ccs\tools\compiler\ti-cgt-c2000_15.12.7.LTS\lib\</path>
         <kind>archive</kind>
         <file>rts2800_fpu32.lib</file>
         <name>s_copysign.obj</name>
      </input_file>
      <input_file id="fl-50">
         <path>C:\ti\ccs1250\ccs\tools\compiler\ti-cgt-c2000_15.12.7.LTS\lib\</path>
         <kind>archive</kind>
         <file>rts2800_fpu32.lib</file>
         <name>errno.obj</name>
      </input_file>
      <input_file id="fl-51">
         <path>C:\ti\ccs1250\ccs\tools\compiler\ti-cgt-c2000_15.12.7.LTS\lib\</path>
         <kind>archive</kind>
         <file>rts2800_fpu32.lib</file>
         <name>lseek.obj</name>
      </input_file>
      <input_file id="fl-52">
         <path>C:\ti\ccs1250\ccs\tools\compiler\ti-cgt-c2000_15.12.7.LTS\lib\</path>
         <kind>archive</kind>
         <file>rts2800_fpu32.lib</file>
         <name>ltoa.obj</name>
      </input_file>
      <input_file id="fl-53">
         <path>C:\ti\ccs1250\ccs\tools\compiler\ti-cgt-c2000_15.12.7.LTS\lib\</path>
         <kind>archive</kind>
         <file>rts2800_fpu32.lib</file>
         <name>l_div.obj</name>
      </input_file>
      <input_file id="fl-54">
         <path>C:\ti\ccs1250\ccs\tools\compiler\ti-cgt-c2000_15.12.7.LTS\lib\</path>
         <kind>archive</kind>
         <file>rts2800_fpu32.lib</file>
         <name>memccpy.obj</name>
      </input_file>
      <input_file id="fl-55">
         <path>C:\ti\ccs1250\ccs\tools\compiler\ti-cgt-c2000_15.12.7.LTS\lib\</path>
         <kind>archive</kind>
         <file>rts2800_fpu32.lib</file>
         <name>memchr.obj</name>
      </input_file>
      <input_file id="fl-56">
         <path>C:\ti\ccs1250\ccs\tools\compiler\ti-cgt-c2000_15.12.7.LTS\lib\</path>
         <kind>archive</kind>
         <file>rts2800_fpu32.lib</file>
         <name>memset.obj</name>
      </input_file>
      <input_file id="fl-57">
         <path>C:\ti\ccs1250\ccs\tools\compiler\ti-cgt-c2000_15.12.7.LTS\lib\</path>
         <kind>archive</kind>
         <file>rts2800_fpu32.lib</file>
         <name>remove.obj</name>
      </input_file>
      <input_file id="fl-58">
         <path>C:\ti\ccs1250\ccs\tools\compiler\ti-cgt-c2000_15.12.7.LTS\lib\</path>
         <kind>archive</kind>
         <file>rts2800_fpu32.lib</file>
         <name>setvbuf.obj</name>
      </input_file>
      <input_file id="fl-59">
         <path>C:\ti\ccs1250\ccs\tools\compiler\ti-cgt-c2000_15.12.7.LTS\lib\</path>
         <kind>archive</kind>
         <file>rts2800_fpu32.lib</file>
         <name>strchr.obj</name>
      </input_file>
      <input_file id="fl-5a">
         <path>C:\ti\ccs1250\ccs\tools\compiler\ti-cgt-c2000_15.12.7.LTS\lib\</path>
         <kind>archive</kind>
         <file>rts2800_fpu32.lib</file>
         <name>strcmp.obj</name>
      </input_file>
      <input_file id="fl-5b">
         <path>C:\ti\ccs1250\ccs\tools\compiler\ti-cgt-c2000_15.12.7.LTS\lib\</path>
         <kind>archive</kind>
         <file>rts2800_fpu32.lib</file>
         <name>strcpy.obj</name>
      </input_file>
      <input_file id="fl-5c">
         <path>C:\ti\ccs1250\ccs\tools\compiler\ti-cgt-c2000_15.12.7.LTS\lib\</path>
         <kind>archive</kind>
         <file>rts2800_fpu32.lib</file>
         <name>strlen.obj</name>
      </input_file>
      <input_file id="fl-5d">
         <path>C:\ti\ccs1250\ccs\tools\compiler\ti-cgt-c2000_15.12.7.LTS\lib\</path>
         <kind>archive</kind>
         <file>rts2800_fpu32.lib</file>
         <name>strncpy.obj</name>
      </input_file>
      <input_file id="fl-5e">
         <path>C:\ti\ccs1250\ccs\tools\compiler\ti-cgt-c2000_15.12.7.LTS\lib\</path>
         <kind>archive</kind>
         <file>rts2800_fpu32.lib</file>
         <name>unlink.obj</name>
      </input_file>
   </input_file_list>
   <object_component_list>
      <object_component id="oc-126">
         <name>.cinit</name>
         <load_address>0x82000</load_address>
         <run_address>0x82000</run_address>
         <size>0x2a</size>
         <input_file_ref idref="fl-1c"/>
      </object_component>
      <object_component id="oc-131">
         <name>.cinit</name>
         <load_address>0x8202a</load_address>
         <run_address>0x8202a</run_address>
         <size>0x29</size>
         <input_file_ref idref="fl-1e"/>
      </object_component>
      <object_component id="oc-186">
         <name>.cinit</name>
         <load_address>0x82053</load_address>
         <run_address>0x82053</run_address>
         <size>0xe</size>
         <input_file_ref idref="fl-2e"/>
      </object_component>
      <object_component id="oc-81">
         <name>.cinit</name>
         <load_address>0x82061</load_address>
         <run_address>0x82061</run_address>
         <size>0x8</size>
         <input_file_ref idref="fl-4"/>
      </object_component>
      <object_component id="oc-292">
         <name>.cinit:__lock</name>
         <load_address>0x82069</load_address>
         <run_address>0x82069</run_address>
         <size>0x5</size>
         <input_file_ref idref="fl-27"/>
      </object_component>
      <object_component id="oc-296">
         <name>.cinit:__unlock</name>
         <load_address>0x8206e</load_address>
         <run_address>0x8206e</run_address>
         <size>0x5</size>
         <input_file_ref idref="fl-27"/>
      </object_component>
      <object_component id="oc-12a">
         <name>.cinit</name>
         <load_address>0x82073</load_address>
         <run_address>0x82073</run_address>
         <size>0x4</size>
         <input_file_ref idref="fl-1d"/>
      </object_component>
      <object_component id="oc-23b">
         <name>.cinit</name>
         <load_address>0x82077</load_address>
         <run_address>0x82077</run_address>
         <size>0x4</size>
         <input_file_ref idref="fl-50"/>
      </object_component>
      <object_component id="oc-192">
         <name>.cinit</name>
         <load_address>0x8207b</load_address>
         <run_address>0x8207b</run_address>
         <size>0x4</size>
         <input_file_ref idref="fl-30"/>
      </object_component>
      <object_component id="oc-1a8">
         <name>.cinit</name>
         <load_address>0x8207f</load_address>
         <run_address>0x8207f</run_address>
         <size>0x4</size>
         <input_file_ref idref="fl-34"/>
      </object_component>
      <object_component id="oc-1b5">
         <name>.cinit</name>
         <load_address>0x82083</load_address>
         <run_address>0x82083</run_address>
         <size>0x4</size>
         <input_file_ref idref="fl-36"/>
      </object_component>
      <object_component id="oc-11f">
         <name>.cinit</name>
         <load_address>0x82087</load_address>
         <run_address>0x82087</run_address>
         <size>0x4</size>
         <input_file_ref idref="fl-10"/>
      </object_component>
      <object_component id="oc-2ac">
         <name>.text</name>
         <load_address>0x82090</load_address>
         <run_address>0x82090</run_address>
         <size>0xbd9</size>
         <input_file_ref idref="fl-38"/>
      </object_component>
      <object_component id="oc-9a">
         <name>.text:retain</name>
         <load_address>0x82c69</load_address>
         <run_address>0x82c69</run_address>
         <size>0x585</size>
         <input_file_ref idref="fl-8"/>
      </object_component>
      <object_component id="oc-29f">
         <name>.text</name>
         <load_address>0x831ee</load_address>
         <run_address>0x831ee</run_address>
         <size>0x2cd</size>
         <input_file_ref idref="fl-e"/>
      </object_component>
      <object_component id="oc-2ae">
         <name>.text</name>
         <load_address>0x834bb</load_address>
         <run_address>0x834bb</run_address>
         <size>0x244</size>
         <input_file_ref idref="fl-a"/>
      </object_component>
      <object_component id="oc-290">
         <name>.text</name>
         <load_address>0x836ff</load_address>
         <run_address>0x836ff</run_address>
         <size>0x213</size>
         <input_file_ref idref="fl-4"/>
      </object_component>
      <object_component id="oc-2b4">
         <name>.text</name>
         <load_address>0x83912</load_address>
         <run_address>0x83912</run_address>
         <size>0x1d2</size>
         <input_file_ref idref="fl-34"/>
      </object_component>
      <object_component id="oc-208">
         <name>.text</name>
         <load_address>0x83ae4</load_address>
         <run_address>0x83ae4</run_address>
         <size>0x107</size>
         <input_file_ref idref="fl-46"/>
      </object_component>
      <object_component id="oc-2a5">
         <name>.text</name>
         <load_address>0x83beb</load_address>
         <run_address>0x83beb</run_address>
         <size>0xf9</size>
         <input_file_ref idref="fl-30"/>
      </object_component>
      <object_component id="oc-2a2">
         <name>.text</name>
         <load_address>0x83ce4</load_address>
         <run_address>0x83ce4</run_address>
         <size>0xdd</size>
         <input_file_ref idref="fl-5"/>
      </object_component>
      <object_component id="oc-2ba">
         <name>.text</name>
         <load_address>0x83dc1</load_address>
         <run_address>0x83dc1</run_address>
         <size>0xbc</size>
         <input_file_ref idref="fl-4e"/>
      </object_component>
      <object_component id="oc-2ab">
         <name>.text</name>
         <load_address>0x83e7d</load_address>
         <run_address>0x83e7d</run_address>
         <size>0xb0</size>
         <input_file_ref idref="fl-4b"/>
      </object_component>
      <object_component id="oc-1e0">
         <name>.text</name>
         <load_address>0x83f2d</load_address>
         <run_address>0x83f2d</run_address>
         <size>0x9c</size>
         <input_file_ref idref="fl-3e"/>
      </object_component>
      <object_component id="oc-29d">
         <name>.text</name>
         <load_address>0x83fc9</load_address>
         <run_address>0x83fc9</run_address>
         <size>0x34</size>
         <input_file_ref idref="fl-37"/>
      </object_component>
      <object_component id="oc-2c0">
         <name>.text</name>
         <load_address>0x83ffd</load_address>
         <run_address>0x83ffd</run_address>
         <size>0x3</size>
         <input_file_ref idref="fl-57"/>
      </object_component>
      <object_component id="oc-294">
         <name>.text</name>
         <load_address>0x84000</load_address>
         <run_address>0x84000</run_address>
         <size>0x94</size>
         <input_file_ref idref="fl-26"/>
      </object_component>
      <object_component id="oc-1cc">
         <name>.text</name>
         <load_address>0x84094</load_address>
         <run_address>0x84094</run_address>
         <size>0x8b</size>
         <input_file_ref idref="fl-3a"/>
      </object_component>
      <object_component id="oc-2a6">
         <name>.text</name>
         <load_address>0x8411f</load_address>
         <run_address>0x8411f</run_address>
         <size>0x89</size>
         <input_file_ref idref="fl-58"/>
      </object_component>
      <object_component id="oc-1d1">
         <name>.text</name>
         <load_address>0x841a8</load_address>
         <run_address>0x841a8</run_address>
         <size>0x83</size>
         <input_file_ref idref="fl-3b"/>
      </object_component>
      <object_component id="oc-2a4">
         <name>.text</name>
         <load_address>0x8422b</load_address>
         <run_address>0x8422b</run_address>
         <size>0x7e</size>
         <input_file_ref idref="fl-1d"/>
      </object_component>
      <object_component id="oc-2a9">
         <name>.text</name>
         <load_address>0x842a9</load_address>
         <run_address>0x842a9</run_address>
         <size>0x73</size>
         <input_file_ref idref="fl-32"/>
      </object_component>
      <object_component id="oc-2b2">
         <name>.text</name>
         <load_address>0x8431c</load_address>
         <run_address>0x8431c</run_address>
         <size>0x71</size>
         <input_file_ref idref="fl-36"/>
      </object_component>
      <object_component id="oc-2a3">
         <name>.text</name>
         <load_address>0x8438d</load_address>
         <run_address>0x8438d</run_address>
         <size>0x6b</size>
         <input_file_ref idref="fl-10"/>
      </object_component>
      <object_component id="oc-2a8">
         <name>.text</name>
         <load_address>0x843f8</load_address>
         <run_address>0x843f8</run_address>
         <size>0x67</size>
         <input_file_ref idref="fl-4a"/>
      </object_component>
      <object_component id="oc-28d">
         <name>.text</name>
         <load_address>0x8445f</load_address>
         <run_address>0x8445f</run_address>
         <size>0x61</size>
         <input_file_ref idref="fl-20"/>
      </object_component>
      <object_component id="oc-2b3">
         <name>.text</name>
         <load_address>0x844c0</load_address>
         <run_address>0x844c0</run_address>
         <size>0x5f</size>
         <input_file_ref idref="fl-31"/>
      </object_component>
      <object_component id="oc-2b9">
         <name>.text</name>
         <load_address>0x8451f</load_address>
         <run_address>0x8451f</run_address>
         <size>0x5a</size>
         <input_file_ref idref="fl-4c"/>
      </object_component>
      <object_component id="oc-7f">
         <name>.text</name>
         <load_address>0x84579</load_address>
         <run_address>0x84579</run_address>
         <size>0x56</size>
         <input_file_ref idref="fl-28"/>
      </object_component>
      <object_component id="oc-298">
         <name>.text</name>
         <load_address>0x845cf</load_address>
         <run_address>0x845cf</run_address>
         <size>0x53</size>
         <input_file_ref idref="fl-49"/>
      </object_component>
      <object_component id="oc-2b0">
         <name>.text</name>
         <load_address>0x84622</load_address>
         <run_address>0x84622</run_address>
         <size>0x4e</size>
         <input_file_ref idref="fl-2f"/>
      </object_component>
      <object_component id="oc-285">
         <name>.text</name>
         <load_address>0x84670</load_address>
         <run_address>0x84670</run_address>
         <size>0x46</size>
         <input_file_ref idref="fl-2c"/>
      </object_component>
      <object_component id="oc-289">
         <name>.text</name>
         <load_address>0x846b6</load_address>
         <run_address>0x846b6</run_address>
         <size>0x40</size>
         <input_file_ref idref="fl-21"/>
      </object_component>
      <object_component id="oc-28b">
         <name>.text</name>
         <load_address>0x846f6</load_address>
         <run_address>0x846f6</run_address>
         <size>0x3f</size>
         <input_file_ref idref="fl-22"/>
      </object_component>
      <object_component id="oc-28f">
         <name>.text</name>
         <load_address>0x84735</load_address>
         <run_address>0x84735</run_address>
         <size>0x3e</size>
         <input_file_ref idref="fl-23"/>
      </object_component>
      <object_component id="oc-2b5">
         <name>.text</name>
         <load_address>0x84773</load_address>
         <run_address>0x84773</run_address>
         <size>0x3d</size>
         <input_file_ref idref="fl-4d"/>
      </object_component>
      <object_component id="oc-28c">
         <name>.text</name>
         <load_address>0x847b0</load_address>
         <run_address>0x847b0</run_address>
         <size>0x38</size>
         <input_file_ref idref="fl-25"/>
      </object_component>
      <object_component id="oc-2bf">
         <name>.text</name>
         <load_address>0x847e8</load_address>
         <run_address>0x847e8</run_address>
         <size>0x33</size>
         <input_file_ref idref="fl-33"/>
      </object_component>
      <object_component id="oc-2b7">
         <name>.text</name>
         <load_address>0x8481b</load_address>
         <run_address>0x8481b</run_address>
         <size>0x31</size>
         <input_file_ref idref="fl-47"/>
      </object_component>
      <object_component id="oc-2b8">
         <name>.text</name>
         <load_address>0x8484c</load_address>
         <run_address>0x8484c</run_address>
         <size>0x2e</size>
         <input_file_ref idref="fl-52"/>
      </object_component>
      <object_component id="oc-1c7">
         <name>.text</name>
         <load_address>0x8487a</load_address>
         <run_address>0x8487a</run_address>
         <size>0x2a</size>
         <input_file_ref idref="fl-39"/>
      </object_component>
      <object_component id="oc-248">
         <name>.text</name>
         <load_address>0x848a4</load_address>
         <run_address>0x848a4</run_address>
         <size>0x2a</size>
         <input_file_ref idref="fl-53"/>
      </object_component>
      <object_component id="oc-288">
         <name>.text</name>
         <load_address>0x848ce</load_address>
         <run_address>0x848ce</run_address>
         <size>0x29</size>
         <input_file_ref idref="fl-2e"/>
      </object_component>
      <object_component id="oc-28a">
         <name>.text</name>
         <load_address>0x848f7</load_address>
         <run_address>0x848f7</run_address>
         <size>0x29</size>
         <input_file_ref idref="fl-1f"/>
      </object_component>
      <object_component id="oc-2a0">
         <name>.text</name>
         <load_address>0x84920</load_address>
         <run_address>0x84920</run_address>
         <size>0x28</size>
         <input_file_ref idref="fl-b"/>
      </object_component>
      <object_component id="oc-2a1">
         <name>.text</name>
         <load_address>0x84948</load_address>
         <run_address>0x84948</run_address>
         <size>0x26</size>
         <input_file_ref idref="fl-c"/>
      </object_component>
      <object_component id="oc-28e">
         <name>.text</name>
         <load_address>0x8496e</load_address>
         <run_address>0x8496e</run_address>
         <size>0x24</size>
         <input_file_ref idref="fl-24"/>
      </object_component>
      <object_component id="oc-2c3">
         <name>.text</name>
         <load_address>0x84992</load_address>
         <run_address>0x84992</run_address>
         <size>0x24</size>
         <input_file_ref idref="fl-4f"/>
      </object_component>
      <object_component id="oc-1e5">
         <name>.text</name>
         <load_address>0x849b6</load_address>
         <run_address>0x849b6</run_address>
         <size>0x21</size>
         <input_file_ref idref="fl-3f"/>
      </object_component>
      <object_component id="oc-1ea">
         <name>.text</name>
         <load_address>0x849d7</load_address>
         <run_address>0x849d7</run_address>
         <size>0x1f</size>
         <input_file_ref idref="fl-40"/>
      </object_component>
      <object_component id="oc-203">
         <name>.text</name>
         <load_address>0x849f6</load_address>
         <run_address>0x849f6</run_address>
         <size>0x1e</size>
         <input_file_ref idref="fl-45"/>
      </object_component>
      <object_component id="oc-29e">
         <name>.text</name>
         <load_address>0x84a14</load_address>
         <run_address>0x84a14</run_address>
         <size>0x1e</size>
         <input_file_ref idref="fl-35"/>
      </object_component>
      <object_component id="oc-2b1">
         <name>.text</name>
         <load_address>0x84a32</load_address>
         <run_address>0x84a32</run_address>
         <size>0x1e</size>
         <input_file_ref idref="fl-5d"/>
      </object_component>
      <object_component id="oc-1f4">
         <name>.text</name>
         <load_address>0x84a50</load_address>
         <run_address>0x84a50</run_address>
         <size>0x1d</size>
         <input_file_ref idref="fl-42"/>
      </object_component>
      <object_component id="oc-1ef">
         <name>.text</name>
         <load_address>0x84a6d</load_address>
         <run_address>0x84a6d</run_address>
         <size>0x1c</size>
         <input_file_ref idref="fl-41"/>
      </object_component>
      <object_component id="oc-1f9">
         <name>.text</name>
         <load_address>0x84a89</load_address>
         <run_address>0x84a89</run_address>
         <size>0x1c</size>
         <input_file_ref idref="fl-43"/>
      </object_component>
      <object_component id="oc-180">
         <name>.text</name>
         <load_address>0x84aa5</load_address>
         <run_address>0x84aa5</run_address>
         <size>0x1a</size>
         <input_file_ref idref="fl-2d"/>
      </object_component>
      <object_component id="oc-287">
         <name>.text</name>
         <load_address>0x84abf</load_address>
         <run_address>0x84abf</run_address>
         <size>0x19</size>
         <input_file_ref idref="fl-29"/>
      </object_component>
      <object_component id="oc-2c4">
         <name>.text</name>
         <load_address>0x84ad8</load_address>
         <run_address>0x84ad8</run_address>
         <size>0x19</size>
         <input_file_ref idref="fl-5e"/>
      </object_component>
      <object_component id="oc-2aa">
         <name>.text</name>
         <load_address>0x84af1</load_address>
         <run_address>0x84af1</run_address>
         <size>0x19</size>
         <input_file_ref idref="fl-1e"/>
      </object_component>
      <object_component id="oc-1fe">
         <name>.text</name>
         <load_address>0x84b0a</load_address>
         <run_address>0x84b0a</run_address>
         <size>0x18</size>
         <input_file_ref idref="fl-44"/>
      </object_component>
      <object_component id="oc-2c1">
         <name>.text</name>
         <load_address>0x84b22</load_address>
         <run_address>0x84b22</run_address>
         <size>0x18</size>
         <input_file_ref idref="fl-51"/>
      </object_component>
      <object_component id="oc-2b6">
         <name>.text</name>
         <load_address>0x84b3a</load_address>
         <run_address>0x84b3a</run_address>
         <size>0x11</size>
         <input_file_ref idref="fl-55"/>
      </object_component>
      <object_component id="oc-1db">
         <name>.text</name>
         <load_address>0x84b4b</load_address>
         <run_address>0x84b4b</run_address>
         <size>0xe</size>
         <input_file_ref idref="fl-3d"/>
      </object_component>
      <object_component id="oc-2bd">
         <name>.text</name>
         <load_address>0x84b59</load_address>
         <run_address>0x84b59</run_address>
         <size>0xd</size>
         <input_file_ref idref="fl-54"/>
      </object_component>
      <object_component id="oc-2bc">
         <name>.text</name>
         <load_address>0x84b66</load_address>
         <run_address>0x84b66</run_address>
         <size>0xc</size>
         <input_file_ref idref="fl-56"/>
      </object_component>
      <object_component id="oc-2bb">
         <name>.text</name>
         <load_address>0x84b72</load_address>
         <run_address>0x84b72</run_address>
         <size>0xc</size>
         <input_file_ref idref="fl-59"/>
      </object_component>
      <object_component id="oc-2be">
         <name>.text</name>
         <load_address>0x84b7e</load_address>
         <run_address>0x84b7e</run_address>
         <size>0xa</size>
         <input_file_ref idref="fl-5a"/>
      </object_component>
      <object_component id="oc-2a7">
         <name>.text</name>
         <load_address>0x84b88</load_address>
         <run_address>0x84b88</run_address>
         <size>0x9</size>
         <input_file_ref idref="fl-27"/>
      </object_component>
      <object_component id="oc-1d6">
         <name>.text</name>
         <load_address>0x84b91</load_address>
         <run_address>0x84b91</run_address>
         <size>0x9</size>
         <input_file_ref idref="fl-3c"/>
      </object_component>
      <object_component id="oc-8d">
         <name>.text</name>
         <load_address>0x84b9a</load_address>
         <run_address>0x84b9a</run_address>
         <size>0x8</size>
         <input_file_ref idref="fl-6"/>
      </object_component>
      <object_component id="oc-293">
         <name>.text</name>
         <load_address>0x84ba2</load_address>
         <run_address>0x84ba2</run_address>
         <size>0x8</size>
         <input_file_ref idref="fl-5c"/>
      </object_component>
      <object_component id="oc-297">
         <name>.text</name>
         <load_address>0x84baa</load_address>
         <run_address>0x84baa</run_address>
         <size>0x5</size>
         <input_file_ref idref="fl-5b"/>
      </object_component>
      <object_component id="oc-284">
         <name>.text</name>
         <load_address>0x84baf</load_address>
         <run_address>0x84baf</run_address>
         <size>0x2</size>
         <input_file_ref idref="fl-2b"/>
      </object_component>
      <object_component id="oc-286">
         <name>.text</name>
         <load_address>0x84bb1</load_address>
         <run_address>0x84bb1</run_address>
         <size>0x1</size>
         <input_file_ref idref="fl-2a"/>
      </object_component>
      <object_component id="oc-8e">
         <name>codestart</name>
         <load_address>0x80000</load_address>
         <run_address>0x80000</run_address>
         <size>0x2</size>
         <input_file_ref idref="fl-6"/>
      </object_component>
      <object_component id="oc-2ad">
         <name>ramfuncs</name>
         <load_address>0x86000</load_address>
         <run_address>0x8000</run_address>
         <size>0x6e</size>
         <input_file_ref idref="fl-e"/>
      </object_component>
      <object_component id="oc-119">
         <name>ramfuncs</name>
         <load_address>0x8606e</load_address>
         <run_address>0x806e</run_address>
         <size>0x4</size>
         <input_file_ref idref="fl-f"/>
      </object_component>
      <object_component id="oc-166">
         <name>.stack</name>
         <uninitialized>true</uninitialized>
         <run_address>0x400</run_address>
         <size>0x0</size>
         <input_file_ref idref="fl-28"/>
      </object_component>
      <object_component id="oc-34a">
         <name>.stack</name>
         <uninitialized>true</uninitialized>
         <run_address>0x400</run_address>
         <size>0x0</size>
      </object_component>
      <object_component id="oc-94">
         <name>.ebss</name>
         <uninitialized>true</uninitialized>
         <run_address>0xad20</run_address>
         <size>0x18</size>
         <input_file_ref idref="fl-7"/>
      </object_component>
      <object_component id="oc-142">
         <name>.ebss</name>
         <uninitialized>true</uninitialized>
         <run_address>0xad38</run_address>
         <size>0x8</size>
         <input_file_ref idref="fl-21"/>
      </object_component>
      <object_component id="oc-127">
         <name>.ebss</name>
         <uninitialized>true</uninitialized>
         <run_address>0xad40</run_address>
         <size>0x160</size>
         <input_file_ref idref="fl-1c"/>
      </object_component>
      <object_component id="oc-1aa">
         <name>.ebss</name>
         <uninitialized>true</uninitialized>
         <run_address>0xaea0</run_address>
         <size>0x8</size>
         <input_file_ref idref="fl-34"/>
      </object_component>
      <object_component id="oc-187">
         <name>.ebss</name>
         <uninitialized>true</uninitialized>
         <run_address>0xaea8</run_address>
         <size>0x6</size>
         <input_file_ref idref="fl-2e"/>
      </object_component>
      <object_component id="oc-82">
         <name>.ebss</name>
         <uninitialized>true</uninitialized>
         <run_address>0xaeae</run_address>
         <size>0x3</size>
         <input_file_ref idref="fl-4"/>
      </object_component>
      <object_component id="oc-12b">
         <name>.ebss</name>
         <uninitialized>true</uninitialized>
         <run_address>0xaeb1</run_address>
         <size>0x1</size>
         <input_file_ref idref="fl-1d"/>
      </object_component>
      <object_component id="oc-291">
         <name>.ebss:__lock</name>
         <uninitialized>true</uninitialized>
         <run_address>0xaeb2</run_address>
         <size>0x2</size>
         <input_file_ref idref="fl-27"/>
      </object_component>
      <object_component id="oc-295">
         <name>.ebss:__unlock</name>
         <uninitialized>true</uninitialized>
         <run_address>0xaeb4</run_address>
         <size>0x2</size>
         <input_file_ref idref="fl-27"/>
      </object_component>
      <object_component id="oc-23c">
         <name>.ebss</name>
         <uninitialized>true</uninitialized>
         <run_address>0xaeb6</run_address>
         <size>0x1</size>
         <input_file_ref idref="fl-50"/>
      </object_component>
      <object_component id="oc-193">
         <name>.ebss</name>
         <uninitialized>true</uninitialized>
         <run_address>0xaeb7</run_address>
         <size>0x1</size>
         <input_file_ref idref="fl-30"/>
      </object_component>
      <object_component id="oc-1b6">
         <name>.ebss</name>
         <uninitialized>true</uninitialized>
         <run_address>0xaeb8</run_address>
         <size>0x1</size>
         <input_file_ref idref="fl-36"/>
      </object_component>
      <object_component id="oc-120">
         <name>.ebss</name>
         <uninitialized>true</uninitialized>
         <run_address>0xaeb9</run_address>
         <size>0x1</size>
         <input_file_ref idref="fl-10"/>
      </object_component>
      <object_component id="oc-132">
         <name>.ebss</name>
         <uninitialized>true</uninitialized>
         <run_address>0xaec0</run_address>
         <size>0x88</size>
         <input_file_ref idref="fl-1e"/>
      </object_component>
      <object_component id="oc-1a9">
         <name>.esysmem</name>
         <uninitialized>true</uninitialized>
         <run_address>0xa800</run_address>
         <size>0x1</size>
         <input_file_ref idref="fl-34"/>
      </object_component>
      <object_component id="oc-34b">
         <name>.esysmem</name>
         <uninitialized>true</uninitialized>
         <run_address>0xa800</run_address>
         <size>0x0</size>
      </object_component>
      <object_component id="oc-15c">
         <name>.cio</name>
         <uninitialized>true</uninitialized>
         <run_address>0xac00</run_address>
         <size>0x120</size>
         <input_file_ref idref="fl-26"/>
      </object_component>
      <object_component id="oc-299">
         <name>.econst:_ti_ascii</name>
         <load_address>0x90000</load_address>
         <run_address>0x90000</run_address>
         <size>0xe3d</size>
         <input_file_ref idref="fl-4"/>
      </object_component>
      <object_component id="oc-2af">
         <name>.econst:_PieVectTableInit</name>
         <load_address>0x90e3e</load_address>
         <run_address>0x90e3e</run_address>
         <size>0x1c0</size>
         <input_file_ref idref="fl-c"/>
      </object_component>
      <object_component id="oc-2c2">
         <name>.econst:.string:__ctypes_</name>
         <load_address>0x90ffe</load_address>
         <run_address>0x90ffe</run_address>
         <size>0x101</size>
         <input_file_ref idref="fl-48"/>
      </object_component>
      <object_component id="oc-1c2">
         <name>.econst:.string</name>
         <load_address>0x91100</load_address>
         <run_address>0x91100</run_address>
         <size>0x26</size>
         <input_file_ref idref="fl-38"/>
      </object_component>
      <object_component id="oc-83">
         <name>.econst:.string</name>
         <load_address>0x91126</load_address>
         <run_address>0x91126</run_address>
         <size>0x20</size>
         <input_file_ref idref="fl-4"/>
      </object_component>
      <object_component id="oc-1c1">
         <name>.econst</name>
         <load_address>0x91146</load_address>
         <run_address>0x91146</run_address>
         <size>0x1c</size>
         <input_file_ref idref="fl-38"/>
      </object_component>
      <object_component id="oc-230">
         <name>.econst</name>
         <load_address>0x91162</load_address>
         <run_address>0x91162</run_address>
         <size>0x1c</size>
         <input_file_ref idref="fl-4e"/>
      </object_component>
      <object_component id="oc-29c">
         <name>.econst:.string:_pucTempString</name>
         <load_address>0x9117e</load_address>
         <run_address>0x9117e</run_address>
         <size>0x15</size>
         <input_file_ref idref="fl-4"/>
      </object_component>
      <object_component id="oc-225">
         <name>.econst</name>
         <load_address>0x91194</load_address>
         <run_address>0x91194</run_address>
         <size>0x8</size>
         <input_file_ref idref="fl-4c"/>
      </object_component>
      <object_component id="oc-29a">
         <name>.econst:.string:_escRed</name>
         <load_address>0x9119c</load_address>
         <run_address>0x9119c</run_address>
         <size>0x5</size>
         <input_file_ref idref="fl-4"/>
      </object_component>
      <object_component id="oc-29b">
         <name>.econst:.string:_escWhite</name>
         <load_address>0x911a1</load_address>
         <run_address>0x911a1</run_address>
         <size>0x5</size>
         <input_file_ref idref="fl-4"/>
      </object_component>
      <object_component id="oc-21f">
         <name>.econst:.string</name>
         <load_address>0x911a6</load_address>
         <run_address>0x911a6</run_address>
         <size>0x2</size>
         <input_file_ref idref="fl-4b"/>
      </object_component>
      <object_component id="oc-167">
         <name>.reset</name>
         <load_address>0x3fffc0</load_address>
         <run_address>0x3fffc0</run_address>
         <size>0x2</size>
         <input_file_ref idref="fl-28"/>
      </object_component>
      <object_component id="oc-101">
         <name>PieVectTableFile</name>
         <uninitialized>true</uninitialized>
         <run_address>0xd00</run_address>
         <size>0x1c0</size>
         <input_file_ref idref="fl-9"/>
      </object_component>
      <object_component id="oc-a0">
         <name>EmuKeyVar</name>
         <uninitialized>true</uninitialized>
         <run_address>0xd00</run_address>
         <size>0x1</size>
         <input_file_ref idref="fl-9"/>
      </object_component>
      <object_component id="oc-a1">
         <name>EmuBModeVar</name>
         <uninitialized>true</uninitialized>
         <run_address>0xd01</run_address>
         <size>0x1</size>
         <input_file_ref idref="fl-9"/>
      </object_component>
      <object_component id="oc-b8">
         <name>AdcaResultFile</name>
         <uninitialized>true</uninitialized>
         <run_address>0xb00</run_address>
         <size>0x18</size>
         <input_file_ref idref="fl-9"/>
      </object_component>
      <object_component id="oc-b7">
         <name>AdcbResultFile</name>
         <uninitialized>true</uninitialized>
         <run_address>0xb20</run_address>
         <size>0x18</size>
         <input_file_ref idref="fl-9"/>
      </object_component>
      <object_component id="oc-ba">
         <name>AdccResultFile</name>
         <uninitialized>true</uninitialized>
         <run_address>0xb40</run_address>
         <size>0x18</size>
         <input_file_ref idref="fl-9"/>
      </object_component>
      <object_component id="oc-b9">
         <name>AdcdResultFile</name>
         <uninitialized>true</uninitialized>
         <run_address>0xb60</run_address>
         <size>0x18</size>
         <input_file_ref idref="fl-9"/>
      </object_component>
      <object_component id="oc-e9">
         <name>AdcaRegsFile</name>
         <uninitialized>true</uninitialized>
         <run_address>0x7400</run_address>
         <size>0x80</size>
         <input_file_ref idref="fl-9"/>
      </object_component>
      <object_component id="oc-e8">
         <name>AdcbRegsFile</name>
         <uninitialized>true</uninitialized>
         <run_address>0x7480</run_address>
         <size>0x80</size>
         <input_file_ref idref="fl-9"/>
      </object_component>
      <object_component id="oc-eb">
         <name>AdccRegsFile</name>
         <uninitialized>true</uninitialized>
         <run_address>0x7500</run_address>
         <size>0x80</size>
         <input_file_ref idref="fl-9"/>
      </object_component>
      <object_component id="oc-ea">
         <name>AdcdRegsFile</name>
         <uninitialized>true</uninitialized>
         <run_address>0x7580</run_address>
         <size>0x80</size>
         <input_file_ref idref="fl-9"/>
      </object_component>
      <object_component id="oc-e5">
         <name>AnalogSubsysRegsFile</name>
         <uninitialized>true</uninitialized>
         <run_address>0x5d180</run_address>
         <size>0x48</size>
         <input_file_ref idref="fl-9"/>
      </object_component>
      <object_component id="oc-df">
         <name>Cla1RegsFile</name>
         <uninitialized>true</uninitialized>
         <run_address>0x1400</run_address>
         <size>0x3e</size>
         <input_file_ref idref="fl-9"/>
      </object_component>
      <object_component id="oc-a5">
         <name>Cla1SoftIntRegsFile</name>
         <uninitialized>true</uninitialized>
         <run_address>0xce0</run_address>
         <size>0x4</size>
         <input_file_ref idref="fl-9"/>
      </object_component>
      <object_component id="oc-cb">
         <name>Cmpss1RegsFile</name>
         <uninitialized>true</uninitialized>
         <run_address>0x5c80</run_address>
         <size>0x20</size>
         <input_file_ref idref="fl-9"/>
      </object_component>
      <object_component id="oc-ca">
         <name>Cmpss2RegsFile</name>
         <uninitialized>true</uninitialized>
         <run_address>0x5ca0</run_address>
         <size>0x20</size>
         <input_file_ref idref="fl-9"/>
      </object_component>
      <object_component id="oc-cd">
         <name>Cmpss3RegsFile</name>
         <uninitialized>true</uninitialized>
         <run_address>0x5cc0</run_address>
         <size>0x20</size>
         <input_file_ref idref="fl-9"/>
      </object_component>
      <object_component id="oc-cc">
         <name>Cmpss4RegsFile</name>
         <uninitialized>true</uninitialized>
         <run_address>0x5ce0</run_address>
         <size>0x20</size>
         <input_file_ref idref="fl-9"/>
      </object_component>
      <object_component id="oc-ce">
         <name>Cmpss5RegsFile</name>
         <uninitialized>true</uninitialized>
         <run_address>0x5d00</run_address>
         <size>0x20</size>
         <input_file_ref idref="fl-9"/>
      </object_component>
      <object_component id="oc-c6">
         <name>Cmpss6RegsFile</name>
         <uninitialized>true</uninitialized>
         <run_address>0x5d20</run_address>
         <size>0x20</size>
         <input_file_ref idref="fl-9"/>
      </object_component>
      <object_component id="oc-c5">
         <name>Cmpss7RegsFile</name>
         <uninitialized>true</uninitialized>
         <run_address>0x5d40</run_address>
         <size>0x20</size>
         <input_file_ref idref="fl-9"/>
      </object_component>
      <object_component id="oc-c8">
         <name>Cmpss8RegsFile</name>
         <uninitialized>true</uninitialized>
         <run_address>0x5d60</run_address>
         <size>0x20</size>
         <input_file_ref idref="fl-9"/>
      </object_component>
      <object_component id="oc-ac">
         <name>CpuTimer0RegsFile</name>
         <uninitialized>true</uninitialized>
         <run_address>0xc00</run_address>
         <size>0x8</size>
         <input_file_ref idref="fl-9"/>
      </object_component>
      <object_component id="oc-ab">
         <name>CpuTimer1RegsFile</name>
         <uninitialized>true</uninitialized>
         <run_address>0xc08</run_address>
         <size>0x8</size>
         <input_file_ref idref="fl-9"/>
      </object_component>
      <object_component id="oc-ae">
         <name>CpuTimer2RegsFile</name>
         <uninitialized>true</uninitialized>
         <run_address>0xc10</run_address>
         <size>0x8</size>
         <input_file_ref idref="fl-9"/>
      </object_component>
      <object_component id="oc-a8">
         <name>DacaRegsFile</name>
         <uninitialized>true</uninitialized>
         <run_address>0x5c00</run_address>
         <size>0x8</size>
         <input_file_ref idref="fl-9"/>
      </object_component>
      <object_component id="oc-aa">
         <name>DacbRegsFile</name>
         <uninitialized>true</uninitialized>
         <run_address>0x5c10</run_address>
         <size>0x8</size>
         <input_file_ref idref="fl-9"/>
      </object_component>
      <object_component id="oc-ad">
         <name>DaccRegsFile</name>
         <uninitialized>true</uninitialized>
         <run_address>0x5c20</run_address>
         <size>0x8</size>
         <input_file_ref idref="fl-9"/>
      </object_component>
      <object_component id="oc-d7">
         <name>DcsmZ1RegsFile</name>
         <uninitialized>true</uninitialized>
         <run_address>0x5f000</run_address>
         <size>0x24</size>
         <input_file_ref idref="fl-9"/>
      </object_component>
      <object_component id="oc-d6">
         <name>DcsmZ2RegsFile</name>
         <uninitialized>true</uninitialized>
         <run_address>0x5f040</run_address>
         <size>0x24</size>
         <input_file_ref idref="fl-9"/>
      </object_component>
      <object_component id="oc-a9">
         <name>DcsmCommonRegsFile</name>
         <uninitialized>true</uninitialized>
         <run_address>0x5f070</run_address>
         <size>0x8</size>
         <input_file_ref idref="fl-9"/>
      </object_component>
      <object_component id="oc-c7">
         <name>DcsmZ1OtpFile</name>
         <uninitialized>true</uninitialized>
         <run_address>0x78000</run_address>
         <size>0x20</size>
         <input_file_ref idref="fl-9"/>
      </object_component>
      <object_component id="oc-c9">
         <name>DcsmZ2OtpFile</name>
         <uninitialized>true</uninitialized>
         <run_address>0x78200</run_address>
         <size>0x20</size>
         <input_file_ref idref="fl-9"/>
      </object_component>
      <object_component id="oc-f0">
         <name>DmaRegsFile</name>
         <uninitialized>true</uninitialized>
         <run_address>0x1000</run_address>
         <size>0xe0</size>
         <input_file_ref idref="fl-9"/>
      </object_component>
      <object_component id="oc-bb">
         <name>DmaClaSrcSelRegsFile</name>
         <uninitialized>true</uninitialized>
         <run_address>0x7980</run_address>
         <size>0x1a</size>
         <input_file_ref idref="fl-9"/>
      </object_component>
      <object_component id="oc-cf">
         <name>ECap1RegsFile</name>
         <uninitialized>true</uninitialized>
         <run_address>0x5000</run_address>
         <size>0x20</size>
         <input_file_ref idref="fl-9"/>
      </object_component>
      <object_component id="oc-d0">
         <name>ECap2RegsFile</name>
         <uninitialized>true</uninitialized>
         <run_address>0x5020</run_address>
         <size>0x20</size>
         <input_file_ref idref="fl-9"/>
      </object_component>
      <object_component id="oc-c4">
         <name>ECap3RegsFile</name>
         <uninitialized>true</uninitialized>
         <run_address>0x5040</run_address>
         <size>0x20</size>
         <input_file_ref idref="fl-9"/>
      </object_component>
      <object_component id="oc-be">
         <name>ECap4RegsFile</name>
         <uninitialized>true</uninitialized>
         <run_address>0x5060</run_address>
         <size>0x20</size>
         <input_file_ref idref="fl-9"/>
      </object_component>
      <object_component id="oc-bf">
         <name>ECap5RegsFile</name>
         <uninitialized>true</uninitialized>
         <run_address>0x5080</run_address>
         <size>0x20</size>
         <input_file_ref idref="fl-9"/>
      </object_component>
      <object_component id="oc-bd">
         <name>ECap6RegsFile</name>
         <uninitialized>true</uninitialized>
         <run_address>0x50a0</run_address>
         <size>0x20</size>
         <input_file_ref idref="fl-9"/>
      </object_component>
      <object_component id="oc-e7">
         <name>Emif1RegsFile</name>
         <uninitialized>true</uninitialized>
         <run_address>0x47000</run_address>
         <size>0x70</size>
         <input_file_ref idref="fl-9"/>
      </object_component>
      <object_component id="oc-e6">
         <name>Emif2RegsFile</name>
         <uninitialized>true</uninitialized>
         <run_address>0x47800</run_address>
         <size>0x70</size>
         <input_file_ref idref="fl-9"/>
      </object_component>
      <object_component id="oc-f5">
         <name>EPwm1RegsFile</name>
         <uninitialized>true</uninitialized>
         <run_address>0x4000</run_address>
         <size>0x100</size>
         <input_file_ref idref="fl-9"/>
      </object_component>
      <object_component id="oc-f4">
         <name>EPwm2RegsFile</name>
         <uninitialized>true</uninitialized>
         <run_address>0x4100</run_address>
         <size>0x100</size>
         <input_file_ref idref="fl-9"/>
      </object_component>
      <object_component id="oc-f7">
         <name>EPwm3RegsFile</name>
         <uninitialized>true</uninitialized>
         <run_address>0x4200</run_address>
         <size>0x100</size>
         <input_file_ref idref="fl-9"/>
      </object_component>
      <object_component id="oc-f2">
         <name>EPwm4RegsFile</name>
         <uninitialized>true</uninitialized>
         <run_address>0x4300</run_address>
         <size>0x100</size>
         <input_file_ref idref="fl-9"/>
      </object_component>
      <object_component id="oc-f1">
         <name>EPwm5RegsFile</name>
         <uninitialized>true</uninitialized>
         <run_address>0x4400</run_address>
         <size>0x100</size>
         <input_file_ref idref="fl-9"/>
      </object_component>
      <object_component id="oc-f6">
         <name>EPwm6RegsFile</name>
         <uninitialized>true</uninitialized>
         <run_address>0x4500</run_address>
         <size>0x100</size>
         <input_file_ref idref="fl-9"/>
      </object_component>
      <object_component id="oc-f3">
         <name>EPwm7RegsFile</name>
         <uninitialized>true</uninitialized>
         <run_address>0x4600</run_address>
         <size>0x100</size>
         <input_file_ref idref="fl-9"/>
      </object_component>
      <object_component id="oc-fc">
         <name>EPwm8RegsFile</name>
         <uninitialized>true</uninitialized>
         <run_address>0x4700</run_address>
         <size>0x100</size>
         <input_file_ref idref="fl-9"/>
      </object_component>
      <object_component id="oc-fa">
         <name>EPwm9RegsFile</name>
         <uninitialized>true</uninitialized>
         <run_address>0x4800</run_address>
         <size>0x100</size>
         <input_file_ref idref="fl-9"/>
      </object_component>
      <object_component id="oc-fb">
         <name>EPwm10RegsFile</name>
         <uninitialized>true</uninitialized>
         <run_address>0x4900</run_address>
         <size>0x100</size>
         <input_file_ref idref="fl-9"/>
      </object_component>
      <object_component id="oc-f8">
         <name>EPwm11RegsFile</name>
         <uninitialized>true</uninitialized>
         <run_address>0x4a00</run_address>
         <size>0x100</size>
         <input_file_ref idref="fl-9"/>
      </object_component>
      <object_component id="oc-f9">
         <name>EPwm12RegsFile</name>
         <uninitialized>true</uninitialized>
         <run_address>0x4b00</run_address>
         <size>0x100</size>
         <input_file_ref idref="fl-9"/>
      </object_component>
      <object_component id="oc-e2">
         <name>EPwmXbarRegsFile</name>
         <uninitialized>true</uninitialized>
         <run_address>0x7a00</run_address>
         <size>0x40</size>
         <input_file_ref idref="fl-9"/>
      </object_component>
      <object_component id="oc-d1">
         <name>EQep1RegsFile</name>
         <uninitialized>true</uninitialized>
         <run_address>0x5100</run_address>
         <size>0x22</size>
         <input_file_ref idref="fl-9"/>
      </object_component>
      <object_component id="oc-d2">
         <name>EQep2RegsFile</name>
         <uninitialized>true</uninitialized>
         <run_address>0x5140</run_address>
         <size>0x22</size>
         <input_file_ref idref="fl-9"/>
      </object_component>
      <object_component id="oc-d5">
         <name>EQep3RegsFile</name>
         <uninitialized>true</uninitialized>
         <run_address>0x5180</run_address>
         <size>0x22</size>
         <input_file_ref idref="fl-9"/>
      </object_component>
      <object_component id="oc-100">
         <name>Flash0CtrlRegsFile</name>
         <uninitialized>true</uninitialized>
         <run_address>0x5f800</run_address>
         <size>0x182</size>
         <input_file_ref idref="fl-9"/>
      </object_component>
      <object_component id="oc-db">
         <name>Flash0EccRegsFile</name>
         <uninitialized>true</uninitialized>
         <run_address>0x5fb00</run_address>
         <size>0x28</size>
         <input_file_ref idref="fl-9"/>
      </object_component>
      <object_component id="oc-ff">
         <name>Flash1CtrlRegsFile</name>
         <uninitialized>true</uninitialized>
         <run_address>0x5fc00</run_address>
         <size>0x182</size>
         <input_file_ref idref="fl-9"/>
      </object_component>
      <object_component id="oc-da">
         <name>Flash1EccRegsFile</name>
         <uninitialized>true</uninitialized>
         <run_address>0x5ff00</run_address>
         <size>0x28</size>
         <input_file_ref idref="fl-9"/>
      </object_component>
      <object_component id="oc-fe">
         <name>GpioCtrlRegsFile</name>
         <uninitialized>true</uninitialized>
         <run_address>0x7c00</run_address>
         <size>0x180</size>
         <input_file_ref idref="fl-9"/>
      </object_component>
      <object_component id="oc-dd">
         <name>GpioDataRegsFile</name>
         <uninitialized>true</uninitialized>
         <run_address>0x7f00</run_address>
         <size>0x30</size>
         <input_file_ref idref="fl-9"/>
      </object_component>
      <object_component id="oc-e3">
         <name>OutputXbarRegsFile</name>
         <uninitialized>true</uninitialized>
         <run_address>0x7a80</run_address>
         <size>0x40</size>
         <input_file_ref idref="fl-9"/>
      </object_component>
      <object_component id="oc-d4">
         <name>I2caRegsFile</name>
         <uninitialized>true</uninitialized>
         <run_address>0x7300</run_address>
         <size>0x22</size>
         <input_file_ref idref="fl-9"/>
      </object_component>
      <object_component id="oc-d3">
         <name>I2cbRegsFile</name>
         <uninitialized>true</uninitialized>
         <run_address>0x7340</run_address>
         <size>0x22</size>
         <input_file_ref idref="fl-9"/>
      </object_component>
      <object_component id="oc-c2">
         <name>InputXbarRegsFile</name>
         <uninitialized>true</uninitialized>
         <run_address>0x7900</run_address>
         <size>0x20</size>
         <input_file_ref idref="fl-9"/>
      </object_component>
      <object_component id="oc-c3">
         <name>XbarRegsFile</name>
         <uninitialized>true</uninitialized>
         <run_address>0x7920</run_address>
         <size>0x20</size>
         <input_file_ref idref="fl-9"/>
      </object_component>
      <object_component id="oc-a3">
         <name>FlashPumpSemaphoreRegsFile</name>
         <uninitialized>true</uninitialized>
         <run_address>0x50024</run_address>
         <size>0x2</size>
         <input_file_ref idref="fl-9"/>
      </object_component>
      <object_component id="oc-a2">
         <name>RomPrefetchRegsFile</name>
         <uninitialized>true</uninitialized>
         <run_address>0x5e608</run_address>
         <size>0x2</size>
         <input_file_ref idref="fl-9"/>
      </object_component>
      <object_component id="oc-ee">
         <name>MemCfgRegsFile</name>
         <uninitialized>true</uninitialized>
         <run_address>0x5f400</run_address>
         <size>0x80</size>
         <input_file_ref idref="fl-9"/>
      </object_component>
      <object_component id="oc-c0">
         <name>Emif1ConfigRegsFile</name>
         <uninitialized>true</uninitialized>
         <run_address>0x5f480</run_address>
         <size>0x20</size>
         <input_file_ref idref="fl-9"/>
      </object_component>
      <object_component id="oc-c1">
         <name>Emif2ConfigRegsFile</name>
         <uninitialized>true</uninitialized>
         <run_address>0x5f4a0</run_address>
         <size>0x20</size>
         <input_file_ref idref="fl-9"/>
      </object_component>
      <object_component id="oc-e0">
         <name>AccessProtectionRegsFile</name>
         <uninitialized>true</uninitialized>
         <run_address>0x5f4c0</run_address>
         <size>0x40</size>
         <input_file_ref idref="fl-9"/>
      </object_component>
      <object_component id="oc-e1">
         <name>MemoryErrorRegsFile</name>
         <uninitialized>true</uninitialized>
         <run_address>0x5f500</run_address>
         <size>0x40</size>
         <input_file_ref idref="fl-9"/>
      </object_component>
      <object_component id="oc-a4">
         <name>RomWaitStateRegsFile</name>
         <uninitialized>true</uninitialized>
         <run_address>0x5f540</run_address>
         <size>0x2</size>
         <input_file_ref idref="fl-9"/>
      </object_component>
      <object_component id="oc-d9">
         <name>McbspaRegsFile</name>
         <uninitialized>true</uninitialized>
         <run_address>0x6000</run_address>
         <size>0x24</size>
         <input_file_ref idref="fl-9"/>
      </object_component>
      <object_component id="oc-d8">
         <name>McbspbRegsFile</name>
         <uninitialized>true</uninitialized>
         <run_address>0x6040</run_address>
         <size>0x24</size>
         <input_file_ref idref="fl-9"/>
      </object_component>
      <object_component id="oc-e4">
         <name>UppRegsFile</name>
         <uninitialized>true</uninitialized>
         <run_address>0x6200</run_address>
         <size>0x48</size>
         <input_file_ref idref="fl-9"/>
      </object_component>
      <object_component id="oc-a7">
         <name>NmiIntruptRegsFile</name>
         <uninitialized>true</uninitialized>
         <run_address>0x7060</run_address>
         <size>0x7</size>
         <input_file_ref idref="fl-9"/>
      </object_component>
      <object_component id="oc-bc">
         <name>PieCtrlRegsFile</name>
         <uninitialized>true</uninitialized>
         <run_address>0xce0</run_address>
         <size>0x1a</size>
         <input_file_ref idref="fl-9"/>
      </object_component>
      <object_component id="oc-b5">
         <name>SciaRegsFile</name>
         <uninitialized>true</uninitialized>
         <run_address>0x7200</run_address>
         <size>0x10</size>
         <input_file_ref idref="fl-9"/>
      </object_component>
      <object_component id="oc-b4">
         <name>ScibRegsFile</name>
         <uninitialized>true</uninitialized>
         <run_address>0x7210</run_address>
         <size>0x10</size>
         <input_file_ref idref="fl-9"/>
      </object_component>
      <object_component id="oc-b6">
         <name>ScicRegsFile</name>
         <uninitialized>true</uninitialized>
         <run_address>0x7220</run_address>
         <size>0x10</size>
         <input_file_ref idref="fl-9"/>
      </object_component>
      <object_component id="oc-b3">
         <name>ScidRegsFile</name>
         <uninitialized>true</uninitialized>
         <run_address>0x7230</run_address>
         <size>0x10</size>
         <input_file_ref idref="fl-9"/>
      </object_component>
      <object_component id="oc-ec">
         <name>Sdfm1RegsFile</name>
         <uninitialized>true</uninitialized>
         <run_address>0x5e00</run_address>
         <size>0x80</size>
         <input_file_ref idref="fl-9"/>
      </object_component>
      <object_component id="oc-ed">
         <name>Sdfm2RegsFile</name>
         <uninitialized>true</uninitialized>
         <run_address>0x5e80</run_address>
         <size>0x80</size>
         <input_file_ref idref="fl-9"/>
      </object_component>
      <object_component id="oc-b0">
         <name>SpiaRegsFile</name>
         <uninitialized>true</uninitialized>
         <run_address>0x6100</run_address>
         <size>0x10</size>
         <input_file_ref idref="fl-9"/>
      </object_component>
      <object_component id="oc-b2">
         <name>SpibRegsFile</name>
         <uninitialized>true</uninitialized>
         <run_address>0x6110</run_address>
         <size>0x10</size>
         <input_file_ref idref="fl-9"/>
      </object_component>
      <object_component id="oc-b1">
         <name>SpicRegsFile</name>
         <uninitialized>true</uninitialized>
         <run_address>0x6120</run_address>
         <size>0x10</size>
         <input_file_ref idref="fl-9"/>
      </object_component>
      <object_component id="oc-fd">
         <name>DevCfgRegsFile</name>
         <uninitialized>true</uninitialized>
         <run_address>0x5d000</run_address>
         <size>0x12e</size>
         <input_file_ref idref="fl-9"/>
      </object_component>
      <object_component id="oc-de">
         <name>ClkCfgRegsFile</name>
         <uninitialized>true</uninitialized>
         <run_address>0x5d200</run_address>
         <size>0x32</size>
         <input_file_ref idref="fl-9"/>
      </object_component>
      <object_component id="oc-ef">
         <name>CpuSysRegsFile</name>
         <uninitialized>true</uninitialized>
         <run_address>0x5d300</run_address>
         <size>0x82</size>
         <input_file_ref idref="fl-9"/>
      </object_component>
      <object_component id="oc-a6">
         <name>SyncSocRegsFile</name>
         <uninitialized>true</uninitialized>
         <run_address>0x7940</run_address>
         <size>0x6</size>
         <input_file_ref idref="fl-9"/>
      </object_component>
      <object_component id="oc-dc">
         <name>WdRegsFile</name>
         <uninitialized>true</uninitialized>
         <run_address>0x7000</run_address>
         <size>0x2b</size>
         <input_file_ref idref="fl-9"/>
      </object_component>
      <object_component id="oc-af">
         <name>XintRegsFile</name>
         <uninitialized>true</uninitialized>
         <run_address>0x7070</run_address>
         <size>0xb</size>
         <input_file_ref idref="fl-9"/>
      </object_component>
      <object_component id="oc-80">
         <name>.debug_info</name>
         <load_address>0x0</load_address>
         <run_address>0x0</run_address>
         <size>0x1afd6</size>
         <input_file_ref idref="fl-4"/>
      </object_component>
      <object_component id="oc-88">
         <name>.debug_info</name>
         <load_address>0x1afd6</load_address>
         <run_address>0x1afd6</run_address>
         <size>0x49d6</size>
         <input_file_ref idref="fl-5"/>
      </object_component>
      <object_component id="oc-8f">
         <name>.debug_info</name>
         <load_address>0x1f9ac</load_address>
         <run_address>0x1f9ac</run_address>
         <size>0x24f</size>
         <input_file_ref idref="fl-6"/>
      </object_component>
      <object_component id="oc-93">
         <name>.debug_info</name>
         <load_address>0x1fbfb</load_address>
         <run_address>0x1fbfb</run_address>
         <size>0x8ed</size>
         <input_file_ref idref="fl-7"/>
      </object_component>
      <object_component id="oc-99">
         <name>.debug_info</name>
         <load_address>0x204e8</load_address>
         <run_address>0x204e8</run_address>
         <size>0x7e48</size>
         <input_file_ref idref="fl-8"/>
      </object_component>
      <object_component id="oc-9f">
         <name>.debug_info</name>
         <load_address>0x28330</load_address>
         <run_address>0x28330</run_address>
         <size>0x4b1e7</size>
         <input_file_ref idref="fl-9"/>
      </object_component>
      <object_component id="oc-103">
         <name>.debug_info</name>
         <load_address>0x73517</load_address>
         <run_address>0x73517</run_address>
         <size>0x19102</size>
         <input_file_ref idref="fl-a"/>
      </object_component>
      <object_component id="oc-108">
         <name>.debug_info</name>
         <load_address>0x8c619</load_address>
         <run_address>0x8c619</run_address>
         <size>0x371f</size>
         <input_file_ref idref="fl-b"/>
      </object_component>
      <object_component id="oc-10d">
         <name>.debug_info</name>
         <load_address>0x8fd38</load_address>
         <run_address>0x8fd38</run_address>
         <size>0x6860</size>
         <input_file_ref idref="fl-c"/>
      </object_component>
      <object_component id="oc-112">
         <name>.debug_info</name>
         <load_address>0x96598</load_address>
         <run_address>0x96598</run_address>
         <size>0x228</size>
         <input_file_ref idref="fl-d"/>
      </object_component>
      <object_component id="oc-114">
         <name>.debug_info</name>
         <load_address>0x967c0</load_address>
         <run_address>0x967c0</run_address>
         <size>0x95b9</size>
         <input_file_ref idref="fl-e"/>
      </object_component>
      <object_component id="oc-11a">
         <name>.debug_info</name>
         <load_address>0x9fd79</load_address>
         <run_address>0x9fd79</run_address>
         <size>0x1d7</size>
         <input_file_ref idref="fl-f"/>
      </object_component>
      <object_component id="oc-11e">
         <name>.debug_info</name>
         <load_address>0x9ff50</load_address>
         <run_address>0x9ff50</run_address>
         <size>0x15cf</size>
         <input_file_ref idref="fl-10"/>
      </object_component>
      <object_component id="oc-125">
         <name>.debug_info</name>
         <load_address>0xa151f</load_address>
         <run_address>0xa151f</run_address>
         <size>0x2d0</size>
         <input_file_ref idref="fl-1c"/>
      </object_component>
      <object_component id="oc-129">
         <name>.debug_info</name>
         <load_address>0xa17ef</load_address>
         <run_address>0xa17ef</run_address>
         <size>0x854</size>
         <input_file_ref idref="fl-1d"/>
      </object_component>
      <object_component id="oc-130">
         <name>.debug_info</name>
         <load_address>0xa2043</load_address>
         <run_address>0xa2043</run_address>
         <size>0x7e1</size>
         <input_file_ref idref="fl-1e"/>
      </object_component>
      <object_component id="oc-137">
         <name>.debug_info</name>
         <load_address>0xa2824</load_address>
         <run_address>0xa2824</run_address>
         <size>0x564</size>
         <input_file_ref idref="fl-1f"/>
      </object_component>
      <object_component id="oc-13c">
         <name>.debug_info</name>
         <load_address>0xa2d88</load_address>
         <run_address>0xa2d88</run_address>
         <size>0x5bc</size>
         <input_file_ref idref="fl-20"/>
      </object_component>
      <object_component id="oc-141">
         <name>.debug_info</name>
         <load_address>0xa3344</load_address>
         <run_address>0xa3344</run_address>
         <size>0x601</size>
         <input_file_ref idref="fl-21"/>
      </object_component>
      <object_component id="oc-147">
         <name>.debug_info</name>
         <load_address>0xa3945</load_address>
         <run_address>0xa3945</run_address>
         <size>0x597</size>
         <input_file_ref idref="fl-22"/>
      </object_component>
      <object_component id="oc-14c">
         <name>.debug_info</name>
         <load_address>0xa3edc</load_address>
         <run_address>0xa3edc</run_address>
         <size>0x666</size>
         <input_file_ref idref="fl-23"/>
      </object_component>
      <object_component id="oc-151">
         <name>.debug_info</name>
         <load_address>0xa4542</load_address>
         <run_address>0xa4542</run_address>
         <size>0x5ba</size>
         <input_file_ref idref="fl-24"/>
      </object_component>
      <object_component id="oc-156">
         <name>.debug_info</name>
         <load_address>0xa4afc</load_address>
         <run_address>0xa4afc</run_address>
         <size>0x5b6</size>
         <input_file_ref idref="fl-25"/>
      </object_component>
      <object_component id="oc-15b">
         <name>.debug_info</name>
         <load_address>0xa50b2</load_address>
         <run_address>0xa50b2</run_address>
         <size>0x5c6</size>
[...]
         <value>0x831ee</value>
         <object_component_ref idref="oc-29f"/>
      </symbol>
      <symbol id="sm-470">
         <name>_SeizeFlashPump_Bank1</name>
         <value>0x832d6</value>
         <object_component_ref idref="oc-29f"/>
      </symbol>
      <symbol id="sm-471">
         <name>_SeizeFlashPump_Bank0</name>
         <value>0x832c7</value>
         <object_component_ref idref="oc-29f"/>
      </symbol>
      <symbol id="sm-472">
         <name>_STANDBY</name>
         <value>0x8348b</value>
         <object_component_ref idref="oc-29f"/>
      </symbol>
      <symbol id="sm-473">
         <name>_AuxXtalOscSel</name>
         <value>0x8346c</value>
         <object_component_ref idref="oc-29f"/>
      </symbol>
      <symbol id="sm-47f">
         <name>_F28x_usDelay</name>
         <value>0x806e</value>
         <object_component_ref idref="oc-119"/>
      </symbol>
      <symbol id="sm-49d">
         <name>_SCI_unlink</name>
         <value>0x843ed</value>
         <object_component_ref idref="oc-2a3"/>
      </symbol>
      <symbol id="sm-49e">
         <name>_SCI_write</name>
         <value>0x843c8</value>
         <object_component_ref idref="oc-2a3"/>
      </symbol>
      <symbol id="sm-49f">
         <name>_deviceOpen</name>
         <value>0xaeb9</value>
         <object_component_ref idref="oc-120"/>
      </symbol>
      <symbol id="sm-4a0">
         <name>_SCI_rename</name>
         <value>0x843f2</value>
         <object_component_ref idref="oc-2a3"/>
      </symbol>
      <symbol id="sm-4a1">
         <name>_SCI_read</name>
         <value>0x843ac</value>
         <object_component_ref idref="oc-2a3"/>
      </symbol>
      <symbol id="sm-4a2">
         <name>_SCI_lseek</name>
         <value>0x843e6</value>
         <object_component_ref idref="oc-2a3"/>
      </symbol>
      <symbol id="sm-4a3">
         <name>_SCI_open</name>
         <value>0x8438d</value>
         <object_component_ref idref="oc-2a3"/>
      </symbol>
      <symbol id="sm-4a4">
         <name>_SCI_close</name>
         <value>0x8439d</value>
         <object_component_ref idref="oc-2a3"/>
      </symbol>
      <symbol id="sm-4b2">
         <name>___TI_ft_end</name>
         <value>0xad40</value>
         <object_component_ref idref="oc-127"/>
      </symbol>
      <symbol id="sm-4b3">
         <name>___TI_tmpnams</name>
         <value>0xae00</value>
         <object_component_ref idref="oc-127"/>
      </symbol>
      <symbol id="sm-4b4">
         <name>__ftable</name>
         <value>0xad80</value>
         <object_component_ref idref="oc-127"/>
      </symbol>
      <symbol id="sm-4cd">
         <name>_add_device</name>
         <value>0x8422b</value>
         <object_component_ref idref="oc-2a4"/>
      </symbol>
      <symbol id="sm-4e1">
         <name>__device</name>
         <value>0xaf00</value>
         <object_component_ref idref="oc-132"/>
      </symbol>
      <symbol id="sm-4e2">
         <name>__stream</name>
         <value>0xaec0</value>
         <object_component_ref idref="oc-132"/>
      </symbol>
      <symbol id="sm-4e3">
         <name>_write</name>
         <value>0x84af1</value>
         <object_component_ref idref="oc-2aa"/>
      </symbol>
      <symbol id="sm-4f0">
         <name>_HOSTclose</name>
         <value>0x848f7</value>
         <object_component_ref idref="oc-28a"/>
      </symbol>
      <symbol id="sm-4fd">
         <name>_HOSTlseek</name>
         <value>0x8445f</value>
         <object_component_ref idref="oc-28d"/>
      </symbol>
      <symbol id="sm-50d">
         <name>_parmbuf</name>
         <value>0xad38</value>
         <object_component_ref idref="oc-142"/>
      </symbol>
      <symbol id="sm-50e">
         <name>_HOSTopen</name>
         <value>0x846b6</value>
         <object_component_ref idref="oc-289"/>
      </symbol>
      <symbol id="sm-51c">
         <name>_HOSTread</name>
         <value>0x846f6</value>
         <object_component_ref idref="oc-28b"/>
      </symbol>
      <symbol id="sm-529">
         <name>_HOSTrename</name>
         <value>0x84735</value>
         <object_component_ref idref="oc-28f"/>
      </symbol>
      <symbol id="sm-536">
         <name>_HOSTunlink</name>
         <value>0x8496e</value>
         <object_component_ref idref="oc-28e"/>
      </symbol>
      <symbol id="sm-544">
         <name>_HOSTwrite</name>
         <value>0x847b0</value>
         <object_component_ref idref="oc-28c"/>
      </symbol>
      <symbol id="sm-55e">
         <name>___TI_readmsg</name>
         <value>0x84058</value>
         <object_component_ref idref="oc-294"/>
      </symbol>
      <symbol id="sm-55f">
         <name>C$$IO$$</name>
         <value>0x84053</value>
         <object_component_ref idref="oc-294"/>
      </symbol>
      <symbol id="sm-560">
         <name>__CIOBUF_</name>
         <value>0xac00</value>
         <object_component_ref idref="oc-15c"/>
      </symbol>
      <symbol id="sm-561">
         <name>___TI_writemsg</name>
         <value>0x84000</value>
         <object_component_ref idref="oc-294"/>
      </symbol>
      <symbol id="sm-576">
         <name>__unlock</name>
         <value>0xaeb4</value>
         <object_component_ref idref="oc-295"/>
      </symbol>
      <symbol id="sm-577">
         <name>__lock</name>
         <value>0xaeb2</value>
         <object_component_ref idref="oc-291"/>
      </symbol>
      <symbol id="sm-578">
         <name>__register_lock</name>
         <value>0x84b8c</value>
         <object_component_ref idref="oc-2a7"/>
      </symbol>
      <symbol id="sm-579">
         <name>__nop</name>
         <value>0x84b90</value>
         <object_component_ref idref="oc-2a7"/>
      </symbol>
      <symbol id="sm-57a">
         <name>__register_unlock</name>
         <value>0x84b88</value>
         <object_component_ref idref="oc-2a7"/>
      </symbol>
      <symbol id="sm-595">
         <name>_c_int00</name>
         <value>0x84579</value>
         <object_component_ref idref="oc-7f"/>
      </symbol>
      <symbol id="sm-596">
         <name>__stack</name>
         <value>0x400</value>
         <object_component_ref idref="oc-166"/>
      </symbol>
      <symbol id="sm-5a6">
         <name>__args_main</name>
         <value>0x84abf</value>
         <object_component_ref idref="oc-287"/>
      </symbol>
      <symbol id="sm-5b3">
         <name>__system_post_cinit</name>
         <value>0x84bb1</value>
         <object_component_ref idref="oc-286"/>
      </symbol>
      <symbol id="sm-5c0">
         <name>__system_pre_init</name>
         <value>0x84baf</value>
         <object_component_ref idref="oc-284"/>
      </symbol>
      <symbol id="sm-5d6">
         <name>_copy_in</name>
         <value>0x84670</value>
         <object_component_ref idref="oc-285"/>
      </symbol>
      <symbol id="sm-5e5">
         <name>_ppcopy</name>
         <value>0x84aa5</value>
         <object_component_ref idref="oc-180"/>
      </symbol>
      <symbol id="sm-5e6">
         <name>_dpcopy</name>
         <value>0x84aa5</value>
         <object_component_ref idref="oc-180"/>
      </symbol>
      <symbol id="sm-5e7">
         <name>_pdcopy</name>
         <value>0x84aa5</value>
         <object_component_ref idref="oc-180"/>
      </symbol>
      <symbol id="sm-5e8">
         <name>_ddcopy</name>
         <value>0x84aa5</value>
         <object_component_ref idref="oc-180"/>
      </symbol>
      <symbol id="sm-5fd">
         <name>C$$EXIT</name>
         <value>0x848ce</value>
         <object_component_ref idref="oc-288"/>
      </symbol>
      <symbol id="sm-5fe">
         <name>_exit</name>
         <value>0x848d0</value>
         <object_component_ref idref="oc-288"/>
      </symbol>
      <symbol id="sm-5ff">
         <name>___TI_cleanup_ptr</name>
         <value>0xaeaa</value>
         <object_component_ref idref="oc-187"/>
      </symbol>
      <symbol id="sm-600">
         <name>___TI_enable_exit_profile_output</name>
         <value>0xaea8</value>
         <object_component_ref idref="oc-187"/>
      </symbol>
      <symbol id="sm-601">
         <name>_abort</name>
         <value>0x848ce</value>
         <object_component_ref idref="oc-288"/>
      </symbol>
      <symbol id="sm-602">
         <name>___TI_dtors_ptr</name>
         <value>0xaeac</value>
         <object_component_ref idref="oc-187"/>
      </symbol>
      <symbol id="sm-615">
         <name>_finddevice</name>
         <value>0x84622</value>
         <object_component_ref idref="oc-2b0"/>
      </symbol>
      <symbol id="sm-616">
         <name>_getdevice</name>
         <value>0x8463e</value>
         <object_component_ref idref="oc-2b0"/>
      </symbol>
      <symbol id="sm-64c">
         <name>_fopen</name>
         <value>0x83c9e</value>
         <object_component_ref idref="oc-2a5"/>
      </symbol>
      <symbol id="sm-64d">
         <name>___TI_cleanup</name>
         <value>0x83c63</value>
         <object_component_ref idref="oc-2a5"/>
      </symbol>
      <symbol id="sm-64e">
         <name>_freopen</name>
         <value>0x83c80</value>
         <object_component_ref idref="oc-2a5"/>
      </symbol>
      <symbol id="sm-660">
         <name>___TI_closefile</name>
         <value>0x844c0</value>
         <object_component_ref idref="oc-2b3"/>
      </symbol>
      <symbol id="sm-661">
         <name>_fclose</name>
         <value>0x84504</value>
         <object_component_ref idref="oc-2b3"/>
      </symbol>
      <symbol id="sm-678">
         <name>___TI_doflush</name>
         <value>0x842a9</value>
         <object_component_ref idref="oc-2a9"/>
      </symbol>
      <symbol id="sm-679">
         <name>_fflush</name>
         <value>0x842d8</value>
         <object_component_ref idref="oc-2a9"/>
      </symbol>
      <symbol id="sm-68a">
         <name>_close</name>
         <value>0x847e8</value>
         <object_component_ref idref="oc-2bf"/>
      </symbol>
      <symbol id="sm-6d2">
         <name>__sys_memory</name>
         <value>0xa800</value>
         <object_component_ref idref="oc-1a9"/>
      </symbol>
      <symbol id="sm-6d3">
         <name>_chkheap</name>
         <value>0x83acb</value>
         <object_component_ref idref="oc-2b4"/>
      </symbol>
      <symbol id="sm-6d4">
         <name>_realloc</name>
         <value>0x839d9</value>
         <object_component_ref idref="oc-2b4"/>
      </symbol>
      <symbol id="sm-6d5">
         <name>_free_memory</name>
         <value>0x83aad</value>
         <object_component_ref idref="oc-2b4"/>
      </symbol>
      <symbol id="sm-6d6">
         <name>_max_free</name>
         <value>0x83a8b</value>
         <object_component_ref idref="oc-2b4"/>
      </symbol>
      <symbol id="sm-6d7">
         <name>_free</name>
         <value>0x83912</value>
         <object_component_ref idref="oc-2b4"/>
      </symbol>
      <symbol id="sm-6d8">
         <name>_calloc</name>
         <value>0x83acd</value>
         <object_component_ref idref="oc-2b4"/>
      </symbol>
      <symbol id="sm-6d9">
         <name>_malloc</name>
         <value>0x8397b</value>
         <object_component_ref idref="oc-2b4"/>
      </symbol>
      <symbol id="sm-6da">
         <name>_minit</name>
         <value>0x83956</value>
         <object_component_ref idref="oc-2b4"/>
      </symbol>
      <symbol id="sm-6ec">
         <name>_memcpy</name>
         <value>0x84a14</value>
         <object_component_ref idref="oc-29e"/>
      </symbol>
      <symbol id="sm-708">
         <name>_open</name>
         <value>0x8431c</value>
         <object_component_ref idref="oc-2b2"/>
      </symbol>
      <symbol id="sm-719">
         <name>_printf</name>
         <value>0x83fcf</value>
         <object_component_ref idref="oc-29d"/>
      </symbol>
      <symbol id="sm-847">
         <name>___TI_printfi</name>
         <value>0x82b44</value>
         <object_component_ref idref="oc-2ac"/>
      </symbol>
      <symbol id="sm-857">
         <name>FD$$CMP</name>
         <value>0x8487a</value>
         <object_component_ref idref="oc-1c7"/>
      </symbol>
      <symbol id="sm-86e">
         <name>FD$$DIV</name>
         <value>0x84094</value>
         <object_component_ref idref="oc-1cc"/>
      </symbol>
      <symbol id="sm-880">
         <name>FD$$MPY</name>
         <value>0x841a8</value>
         <object_component_ref idref="oc-1d1"/>
      </symbol>
      <symbol id="sm-88d">
         <name>FD$$NEG</name>
         <value>0x84b91</value>
         <object_component_ref idref="oc-1d6"/>
      </symbol>
      <symbol id="sm-899">
         <name>FD$$SUB</name>
         <value>0x84b4b</value>
         <object_component_ref idref="oc-1db"/>
      </symbol>
      <symbol id="sm-8b4">
         <name>FD$$ADD</name>
         <value>0x83f2d</value>
         <object_component_ref idref="oc-1e0"/>
      </symbol>
      <symbol id="sm-8c3">
         <name>FD$$TOI</name>
         <value>0x849b6</value>
         <object_component_ref idref="oc-1e5"/>
      </symbol>
      <symbol id="sm-8d2">
         <name>FD$$TOL</name>
         <value>0x849d7</value>
         <object_component_ref idref="oc-1ea"/>
      </symbol>
      <symbol id="sm-8e2">
         <name>FS$$TOFD</name>
         <value>0x84a6d</value>
         <object_component_ref idref="oc-1ef"/>
      </symbol>
      <symbol id="sm-8f2">
         <name>I$$TOFD</name>
         <value>0x84a50</value>
         <object_component_ref idref="oc-1f4"/>
      </symbol>
      <symbol id="sm-902">
         <name>L$$TOFD</name>
         <value>0x84a89</value>
         <object_component_ref idref="oc-1f9"/>
      </symbol>
      <symbol id="sm-90e">
         <name>LL$$AND</name>
         <value>0x84b0a</value>
         <object_component_ref idref="oc-1fe"/>
      </symbol>
      <symbol id="sm-90f">
         <name>LL$$OR</name>
         <value>0x84b12</value>
         <object_component_ref idref="oc-1fe"/>
      </symbol>
      <symbol id="sm-910">
         <name>LL$$XOR</name>
         <value>0x84b1a</value>
         <object_component_ref idref="oc-1fe"/>
      </symbol>
      <symbol id="sm-91e">
         <name>ULL$$CMP</name>
         <value>0x84a08</value>
         <object_component_ref idref="oc-203"/>
      </symbol>
      <symbol id="sm-91f">
         <name>LL$$CMP</name>
         <value>0x849f6</value>
         <object_component_ref idref="oc-203"/>
      </symbol>
      <symbol id="sm-94b">
         <name>ULL$$MOD</name>
         <value>0x83b89</value>
         <object_component_ref idref="oc-208"/>
      </symbol>
      <symbol id="sm-94c">
         <name>ULL$$DIV</name>
         <value>0x83b5a</value>
         <object_component_ref idref="oc-208"/>
      </symbol>
      <symbol id="sm-94d">
         <name>LL$$MOD</name>
         <value>0x83b20</value>
         <object_component_ref idref="oc-208"/>
      </symbol>
      <symbol id="sm-94e">
         <name>LL$$DIV</name>
         <value>0x83ae4</value>
         <object_component_ref idref="oc-208"/>
      </symbol>
      <symbol id="sm-963">
         <name>_atoi</name>
         <value>0x8481b</value>
         <object_component_ref idref="oc-2b7"/>
      </symbol>
      <symbol id="sm-96c">
         <name>__ctypes_</name>
         <value>0x90ffe</value>
         <object_component_ref idref="oc-2c2"/>
      </symbol>
      <symbol id="sm-980">
         <name>_putchar</name>
         <value>0x8461d</value>
         <object_component_ref idref="oc-298"/>
      </symbol>
      <symbol id="sm-981">
         <name>_putc</name>
         <value>0x845cf</value>
         <object_component_ref idref="oc-298"/>
      </symbol>
      <symbol id="sm-982">
         <name>_fputc</name>
         <value>0x845cf</value>
         <object_component_ref idref="oc-298"/>
      </symbol>
      <symbol id="sm-99a">
         <name>___TI_rd_ok</name>
         <value>0x84433</value>
         <object_component_ref idref="oc-2a8"/>
      </symbol>
      <symbol id="sm-99b">
         <name>___TI_wrt_ok</name>
         <value>0x843f8</value>
         <object_component_ref idref="oc-2a8"/>
      </symbol>
      <symbol id="sm-9b9">
         <name>_puts</name>
         <value>0x83f1a</value>
         <object_component_ref idref="oc-2ab"/>
      </symbol>
      <symbol id="sm-9ba">
         <name>_fputs</name>
         <value>0x83e7d</value>
         <object_component_ref idref="oc-2ab"/>
      </symbol>
      <symbol id="sm-9ce">
         <name>_frexpl</name>
         <value>0x8451f</value>
         <object_component_ref idref="oc-2b9"/>
      </symbol>
      <symbol id="sm-9df">
         <name>_fseek</name>
         <value>0x84773</value>
         <object_component_ref idref="oc-2b5"/>
      </symbol>
      <symbol id="sm-9fd">
         <name>_scalbnl</name>
         <value>0x83dc1</value>
         <object_component_ref idref="oc-2ba"/>
      </symbol>
      <symbol id="sm-9fe">
         <name>_ldexpl</name>
         <value>0x83dc1</value>
         <object_component_ref idref="oc-2ba"/>
      </symbol>
      <symbol id="sm-a0c">
         <name>_copysignl</name>
         <value>0x84992</value>
         <object_component_ref idref="oc-2c3"/>
      </symbol>
      <symbol id="sm-a17">
         <name>_errno</name>
         <value>0xaeb6</value>
         <object_component_ref idref="oc-23c"/>
      </symbol>
      <symbol id="sm-a25">
         <name>_lseek</name>
         <value>0x84b22</value>
         <object_component_ref idref="oc-2c1"/>
      </symbol>
      <symbol id="sm-a34">
         <name>_ltoa</name>
         <value>0x8484c</value>
         <object_component_ref idref="oc-2b8"/>
      </symbol>
      <symbol id="sm-a40">
         <name>UL$$MOD</name>
         <value>0x848c8</value>
         <object_component_ref idref="oc-248"/>
      </symbol>
      <symbol id="sm-a41">
         <name>L$$MOD</name>
         <value>0x848b3</value>
         <object_component_ref idref="oc-248"/>
      </symbol>
      <symbol id="sm-a42">
         <name>L$$DIV</name>
         <value>0x848a4</value>
         <object_component_ref idref="oc-248"/>
      </symbol>
      <symbol id="sm-a43">
         <name>UL$$DIV</name>
         <value>0x848c1</value>
         <object_component_ref idref="oc-248"/>
      </symbol>
      <symbol id="sm-a53">
         <name>_memccpy</name>
         <value>0x84b59</value>
         <object_component_ref idref="oc-2bd"/>
      </symbol>
      <symbol id="sm-a63">
         <name>_memchr</name>
         <value>0x84b3a</value>
         <object_component_ref idref="oc-2b6"/>
      </symbol>
      <symbol id="sm-a72">
         <name>_memset</name>
         <value>0x84b66</value>
         <object_component_ref idref="oc-2bc"/>
      </symbol>
      <symbol id="sm-a7f">
         <name>_remove</name>
         <value>0x83ffd</value>
         <object_component_ref idref="oc-2c0"/>
      </symbol>
      <symbol id="sm-a96">
         <name>_setvbuf</name>
         <value>0x8411f</value>
         <object_component_ref idref="oc-2a6"/>
      </symbol>
      <symbol id="sm-aa6">
         <name>_strchr</name>
         <value>0x84b72</value>
         <object_component_ref idref="oc-2bb"/>
      </symbol>
      <symbol id="sm-ab5">
         <name>_strcmp</name>
         <value>0x84b7e</value>
         <object_component_ref idref="oc-2be"/>
      </symbol>
      <symbol id="sm-ac3">
         <name>_strcpy</name>
         <value>0x84baa</value>
         <object_component_ref idref="oc-297"/>
      </symbol>
      <symbol id="sm-ad1">
         <name>_strlen</name>
         <value>0x84ba2</value>
         <object_component_ref idref="oc-293"/>
      </symbol>
      <symbol id="sm-ae2">
         <name>_strncpy</name>
         <value>0x84a32</value>
         <object_component_ref idref="oc-2b1"/>
      </symbol>
      <symbol id="sm-aef">
         <name>_unlink</name>
         <value>0x84ad8</value>
         <object_component_ref idref="oc-2c4"/>
      </symbol>
   </symbol_table>
   <title>Link successful</title>
</link_info>
