******************************************************************************
             TMS320C2000 Linker PC v22.6.1                     
******************************************************************************
>> Linked Fri Nov 22 06:26:50 2024

OUTPUT FILE NAME:   <sci_ex2_loopback_interrupts.out>
ENTRY POINT SYMBOL: "code_start"  address: 00000000


MEMORY CONFIGURATION

         name            origin    length      used     unused   attr    fill
----------------------  --------  ---------  --------  --------  ----  --------
PAGE 0:
  BEGIN                 00000000   00000002  00000002  00000000  RWIX
  RAMM0                 00000123   000002dd  00000020  000002bd  RWIX
  RAMLS0                00008000   00000800  00000731  000000cf  RWIX
  RAMLS1                00008800   00000800  00000000  00000800  RWIX
  RAMLS2                00009000   00000800  00000000  00000800  RWIX
  RAMLS3                00009800   00000800  00000000  00000800  RWIX
  RAMLS4                0000a000   00000800  00000000  00000800  RWIX
  RAMD0                 0000b000   00000800  00000800  00000000  RWIX
  RESET                 003fffc0   00000002  00000000  00000002  RWIX

PAGE 1:
  BOOT_RSVD             00000002   00000121  00000000  00000121  RWIX
  RAMM1                 00000400   000003f8  00000100  000002f8  RWIX
  RAMLS5                0000a800   00000800  000002a6  0000055a  RWIX
  RAMD1                 0000b800   00000800  00000000  00000800  RWIX
  RAMGS0                0000c000   00001000  00000000  00001000  RWIX
  RAMGS1                0000d000   00001000  00000000  00001000  RWIX
  RAMGS2                0000e000   00001000  00000000  00001000  RWIX
  RAMGS3                0000f000   00001000  00000000  00001000  RWIX
  RAMGS4                00010000   00001000  00000000  00001000  RWIX
  RAMGS5                00011000   00001000  00000000  00001000  RWIX
  RAMGS6                00012000   00001000  00000000  00001000  RWIX
  RAMGS7                00013000   00001000  00000000  00001000  RWIX
  RAMGS8                00014000   00001000  00000000  00001000  RWIX
  RAMGS9                00015000   00001000  00000000  00001000  RWIX
  RAMGS10               00016000   00001000  00000000  00001000  RWIX
  RAMGS11               00017000   00000ff8  00000000  00000ff8  RWIX
  CANA_MSG_RAM          00049000   00000800  00000000  00000800  RWIX
  CANB_MSG_RAM          0004b000   00000800  00000000  00000800  RWIX


SECTION ALLOCATION MAP

 output                                  attributes/
section   page    origin      length       input sections
--------  ----  ----------  ----------   ----------------
codestart 
*          0    00000000    00000002     
                  00000000    00000002     F2837xS_CodeStartBranch.obj (codestart)

.cinit     0    00000128    0000001c     
                  00000128    00000009     (.cinit..data.load) [load image, compression = lzss]
                  00000131    00000001     --HOLE-- [fill = 0]
                  00000132    00000006     (__TI_handler_table)
                  00000138    00000004     (.cinit..bss.load) [load image, compression = zero_init]
                  0000013c    00000008     (__TI_cinit_table)

.reset     0    003fffc0    00000000     DSECT

.stack     1    00000400    00000100     UNINITIALIZED
                  00000400    00000100     --HOLE--

.bss       1    0000aaa2    00000005     UNINITIALIZED
                  0000aaa2    00000002     sci_ex2_loopback_interrupts.obj (.bss:rDataA)
                  0000aaa4    00000002     sci_ex2_loopback_interrupts.obj (.bss:sDataA)
                  0000aaa6    00000001     sci_ex2_loopback_interrupts.obj (.bss)

.init_array 
*          0    00000123    00000000     UNINITIALIZED

.const     1    0000a800    00000291     
                  0000a800    000000c2     driverlib_eabi.lib : sysctl.obj (.const:.string)
                  0000a8c2    000000bc                        : gpio.obj (.const:.string)
                  0000a97e    000000bb                        : sci.obj (.const:.string)
                  0000aa39    00000001     --HOLE-- [fill = 0]
                  0000aa3a    00000043     sci_ex2_loopback_interrupts.obj (.const:.string)
                  0000aa7d    00000001     --HOLE-- [fill = 0]
                  0000aa7e    00000013     device.obj (.const:.string)

.data      1    0000aa92    00000010     UNINITIALIZED
                  0000aa92    00000006     device.obj (.data)
                  0000aa98    00000006     rts2800_fpu32_eabi.lib : exit.c.obj (.data)
                  0000aa9e    00000002                            : _lock.c.obj (.data:_lock)
                  0000aaa0    00000002                            : _lock.c.obj (.data:_unlock)

.TI.ramfunc 
*          0    00000123    00000004     
                  00000123    00000004     driverlib_eabi.lib : sysctl.obj (.TI.ramfunc)

.text.1    0    00008000    00000731     
                  00008000    00000068     driverlib_eabi.lib : sysctl.obj (.text:SysCtl_getDeviceParametric)
                  00008068    00000052                        : gpio.obj (.text:GPIO_setPadConfig)
                  000080ba    00000051                        : sysctl.obj (.text:SysCtl_getClock)
                  0000810b    00000048                        : sysctl.obj (.text:SysCtl_selectOscSource)
                  00008153    00000045                        : sci.obj (.text:SCI_clearInterruptStatus)
                  00008198    00000045                        : sci.obj (.text:SCI_disableInterrupt)
                  000081dd    00000044                        : sci.obj (.text:SCI_enableInterrupt)
                  00008221    00000041                        : sci.obj (.text:SCI_writeCharArray)
                  00008262    0000003e                        : sci.obj (.text:SCI_setConfig)
                  000082a0    0000003d                        : interrupt.obj (.text:Interrupt_initModule)
                  000082dd    0000003b                        : sci.obj (.text:SCI_readCharArray)
                  00008318    00000037                        : gpio.obj (.text:GPIO_setControllerCore)
                  0000834f    00000037                        : gpio.obj (.text:GPIO_setPinConfig)
                  00008386    00000037                        : gpio.obj (.text:GPIO_setQualificationMode)
                  000083bd    00000037                        : interrupt.obj (.text:Interrupt_enable)
                  000083f4    00000031                        : gpio.obj (.text:GPIO_setDirectionMode)
                  00008425    0000002b     rts2800_fpu32_eabi.lib : autoinit.c.obj (.text:__TI_auto_init_nobinit_nopinit)
                  00008450    00000029                            : exit.c.obj (.text)
                  00008479    00000028     driverlib_eabi.lib : sysctl.obj (.text:CPUTimer_selectClockSource)
                  000084a1    00000020                        : sci.obj (.text:SCI_isFIFOEnabled)
                  000084c1    0000001f                        : sysctl.obj (.text:CPUTimer_getTimerOverflowStatus)
                  000084e0    0000001e                        : interrupt.obj (.text:Interrupt_initVectorTable)
                  000084fe    0000001d     rts2800_fpu32_eabi.lib : memcpy.c.obj (.text)
                  0000851b    0000001b     driverlib_eabi.lib : sci.obj (.text:SCI_isBaseValid)
                  00008536    0000001a                        : sysctl.obj (.text:CPUTimer_startTimer)
                  00008550    0000001a                        : sci.obj (.text:SCI_isDataAvailableNonFIFO)
                  0000856a    0000001a                        : sci.obj (.text:SCI_isSpaceAvailableNonFIFO)
                  00008584    0000001a                        : sysctl.obj (.text:SysCtl_getLowSpeedClock)
                  0000859e    00000018                        : sci.obj (.text:SCI_disableModule)
                  000085b6    00000018                        : sci.obj (.text:SCI_performSoftwareReset)
                  000085ce    00000017                        : sysctl.obj (.text:CPUTimer_isBaseValid)
                  000085e5    00000017     rts2800_fpu32_eabi.lib : boot28.asm.obj (.text)
                  000085fc    00000016     driverlib_eabi.lib : interrupt.obj (.text:Interrupt_defaultHandler)
                  00008612    00000014                        : sysctl.obj (.text:CPUTimer_stopTimer)
                  00008626    00000014                        : sci.obj (.text:SCI_getRxFIFOStatus)
                  0000863a    00000014                        : sci.obj (.text:SCI_getTxFIFOStatus)
                  0000864e    00000013                        : sci.obj (.text:SCI_enableModule)
                  00008661    00000012                        : sysctl.obj (.text:CPUTimer_clearOverflowFlag)
                  00008673    00000012                        : sysctl.obj (.text:CPUTimer_disableInterrupt)
                  00008685    00000011                        : sysctl.obj (.text:CPUTimer_setPeriod)
                  00008696    0000000f                        : sysctl.obj (.text:SysCtl_pollCpuTimer)
                  000086a5    0000000e                        : gpio.obj (.text:GPIO_isPinValid)
                  000086b3    0000000d                        : interrupt.obj (.text:Interrupt_disableGlobal)
                  000086c0    0000000d                        : interrupt.obj (.text:Interrupt_enableGlobal)
                  000086cd    0000000d     rts2800_fpu32_eabi.lib : copy_zero_init.c.obj (.text:decompress:ZI:__TI_zero_init_nomemset)
                  000086da    0000000c                            : args_main.c.obj (.text)
                  000086e6    0000000b     driverlib_eabi.lib : sysctl.obj (.text:SysCtl_isMCDClockFailureDetected)
                  000086f1    0000000a                        : interrupt.obj (.text:Interrupt_illegalOperationHandler)
                  000086fb    0000000a                        : interrupt.obj (.text:Interrupt_nmiHandler)
                  00008705    00000009                        : sysctl.obj (.text:SysCtl_serviceWatchdog)
                  0000870e    00000009     rts2800_fpu32_eabi.lib : _lock.c.obj (.text)
                  00008717    00000008     F2837xS_CodeStartBranch.obj (.text)
                  0000871f    00000008     rts2800_fpu32_eabi.lib : copy_decompress_none.c.obj (.text:decompress:none)
                  00008727    00000007     driverlib_eabi.lib : sysctl.obj (.text:SysCtl_resetMCD)
                  0000872e    00000002     rts2800_fpu32_eabi.lib : pre_init.c.obj (.text)
                  00008730    00000001                            : startup.c.obj (.text)

.text.2    0    0000b000    00000800     
                  0000b000    00000247     device.obj (.text)
                  0000b247    00000209     driverlib_eabi.lib : sysctl.obj (.text:SysCtl_setClock)
                  0000b450    000001b7     sci_ex2_loopback_interrupts.obj (.text)
                  0000b607    000000b1     sci_ex2_loopback_interrupts.obj (.text:retain)
                  0000b6b8    00000090     driverlib_eabi.lib : sysctl.obj (.text:SysCtl_selectXTAL)
                  0000b748    00000088     rts2800_fpu32_eabi.lib : fs_div28.asm.obj (.text)
                  0000b7d0    00000030                            : copy_decompress_lzss.c.obj (.text:decompress:lzss)

MODULE SUMMARY

       Module                            code   ro data   rw data
       ------                            ----   -------   -------
    .\
       sci_ex2_loopback_interrupts.obj   616    67        5      
    +--+---------------------------------+------+---------+---------+
       Total:                            616    67        5      
                                                                 
    .\device\
       device.obj                        583    19        6      
       F2837xS_CodeStartBranch.obj       10     0         0      
    +--+---------------------------------+------+---------+---------+
       Total:                            593    19        6      
                                                                 
    C:\ti\c2000\C2000Ware_5_03_00_00\driverlib\f2837xs\driverlib\ccs\Debug\driverlib_eabi.lib
       sysctl.obj                        1187   194       0      
       sci.obj                           610    187       0      
       gpio.obj                          310    188       0      
       interrupt.obj                     214    0         0      
    +--+---------------------------------+------+---------+---------+
       Total:                            2321   569       0      
                                                                 
    C:\ti\ccs1250\ccs\tools\compiler\ti-cgt-c2000_22.6.1.LTS\lib\rts2800_fpu32_eabi.lib
       fs_div28.asm.obj                  136    0         0      
       copy_decompress_lzss.c.obj        48     0         0      
       exit.c.obj                        41     0         6      
       autoinit.c.obj                    43     0         0      
       memcpy.c.obj                      29     0         0      
       boot28.asm.obj                    23     0         0      
       _lock.c.obj                       9      0         4      
       copy_zero_init.c.obj              13     0         0      
       args_main.c.obj                   12     0         0      
       copy_decompress_none.c.obj        8      0         0      
       pre_init.c.obj                    2      0         0      
       startup.c.obj                     1      0         0      
    +--+---------------------------------+------+---------+---------+
       Total:                            365    0         10     
                                                                 
       Stack:                            0      0         256    
       Linker Generated:                 0      27        0      
    +--+---------------------------------+------+---------+---------+
       Grand Total:                      3895   682       277    


LINKER GENERATED COPY TABLES

__TI_cinit_table @ 0000013c records: 2, size/record: 4, table size: 8
	.data: load addr=00000128, load size=00000009 bytes, run addr=0000aa92, run size=00000010 bytes, compression=lzss
	.bss: load addr=00000138, load size=00000004 bytes, run addr=0000aaa2, run size=00000005 bytes, compression=zero_init


LINKER GENERATED HANDLER TABLE

__TI_handler_table @ 00000132 records: 3, size/record: 2, table size: 6
	index: 0, handler: __TI_zero_init
	index: 1, handler: __TI_decompress_lzss
	index: 2, handler: __TI_decompress_none


GLOBAL DATA SYMBOLS: SORTED BY DATA PAGE

address     data page           name
--------    ----------------    ----
00000400      10 (00000400)     __stack

0000aa92     2aa (0000aa80)     Example_Result
0000aa94     2aa (0000aa80)     Example_PassCount
0000aa96     2aa (0000aa80)     Example_Fail
0000aa98     2aa (0000aa80)     __TI_enable_exit_profile_output
0000aa9a     2aa (0000aa80)     __TI_cleanup_ptr
0000aa9c     2aa (0000aa80)     __TI_dtors_ptr
0000aa9e     2aa (0000aa80)     _lock
0000aaa0     2aa (0000aa80)     _unlock
0000aaa2     2aa (0000aa80)     rDataA
0000aaa4     2aa (0000aa80)     sDataA
0000aaa6     2aa (0000aa80)     rDataPointA


GLOBAL SYMBOLS: SORTED ALPHABETICALLY BY Name 

page  address   name                                     
----  -------   ----                                     
0     00008450  C$$EXIT                                  
0     0000b204  Device_configureTMXAnalogTrim            
0     0000b0b2  Device_enableAllPeripherals              
0     0000b1ee  Device_enableUnbondedGPIOPullups         
0     0000b1d1  Device_enableUnbondedGPIOPullupsFor100Pin
0     0000b1be  Device_enableUnbondedGPIOPullupsFor176Pin
0     0000b070  Device_init                              
0     0000b19d  Device_initGPIO                          
1     0000aa96  Example_Fail                             
1     0000aa94  Example_PassCount                        
1     0000aa92  Example_Result                           
0     0000b246  Example_done                             
0     0000b241  Example_setResultFail                    
0     0000b23c  Example_setResultPass                    
0     00008318  GPIO_setControllerCore                   
0     000083f4  GPIO_setDirectionMode                    
0     00008068  GPIO_setPadConfig                        
0     0000834f  GPIO_setPinConfig                        
0     00008386  GPIO_setQualificationMode                
0     000085fc  Interrupt_defaultHandler                 
0     000083bd  Interrupt_enable                         
0     000086f1  Interrupt_illegalOperationHandler        
0     000082a0  Interrupt_initModule                     
0     000084e0  Interrupt_initVectorTable                
0     000086fb  Interrupt_nmiHandler                     
0     00008153  SCI_clearInterruptStatus                 
0     00008198  SCI_disableInterrupt                     
0     000081dd  SCI_enableInterrupt                      
0     000082dd  SCI_readCharArray                        
0     00008262  SCI_setConfig                            
0     00008221  SCI_writeCharArray                       
0     00000123  SysCtl_delay                             
0     000080ba  SysCtl_getClock                          
0     00008000  SysCtl_getDeviceParametric               
0     00008584  SysCtl_getLowSpeedClock                  
0     0000810b  SysCtl_selectOscSource                   
0     0000b6b8  SysCtl_selectXTAL                        
0     0000b247  SysCtl_setClock                          
0     0000013c  __TI_CINIT_Base                          
0     00000144  __TI_CINIT_Limit                         
0     00000144  __TI_CINIT_Warm                          
0     00000132  __TI_Handler_Table_Base                  
0     00000138  __TI_Handler_Table_Limit                 
1     00000500  __TI_STACK_END                           
abs   00000100  __TI_STACK_SIZE                          
0     00008425  __TI_auto_init_nobinit_nopinit           
1     0000aa9a  __TI_cleanup_ptr                         
0     0000b7d0  __TI_decompress_lzss                     
0     0000871f  __TI_decompress_none                     
1     0000aa9c  __TI_dtors_ptr                           
1     0000aa98  __TI_enable_exit_profile_output          
abs   ffffffff  __TI_pprof_out_hndl                      
abs   ffffffff  __TI_prof_data_size                      
abs   ffffffff  __TI_prof_data_start                     
0     000086cd  __TI_zero_init_nomemset                  
0     0000b748  __c28xabi_divf                           
n/a   UNDEFED   __c_args__                               
0     0000b235  __error__                                
1     00000400  __stack                                  
0     000086da  _args_main                               
0     000085e5  _c_int00                                 
1     0000aa9e  _lock                                    
0     00008716  _nop                                     
0     00008712  _register_lock                           
0     0000870e  _register_unlock                         
0     00008730  _system_post_cinit                       
0     0000872e  _system_pre_init                         
1     0000aaa0  _unlock                                  
0     00008450  abort                                    
0     00000000  code_start                               
0     0000b5c2  error                                    
0     00008452  exit                                     
0     0000b5c8  initSCIAFIFO                             
0     0000b55a  main                                     
0     000084fe  memcpy                                   
1     0000aaa2  rDataA                                   
1     0000aaa6  rDataPointA                              
1     0000aaa4  sDataA                                   
0     0000b655  sciaRXFIFOISR                            
0     0000b607  sciaTXFIFOISR                            


GLOBAL SYMBOLS: SORTED BY Symbol Address 

page  address   name                                     
----  -------   ----                                     
0     00000000  code_start                               
0     00000123  SysCtl_delay                             
0     00000132  __TI_Handler_Table_Base                  
0     00000138  __TI_Handler_Table_Limit                 
0     0000013c  __TI_CINIT_Base                          
0     00000144  __TI_CINIT_Limit                         
0     00000144  __TI_CINIT_Warm                          
0     00008000  SysCtl_getDeviceParametric               
0     00008068  GPIO_setPadConfig                        
0     000080ba  SysCtl_getClock                          
0     0000810b  SysCtl_selectOscSource                   
0     00008153  SCI_clearInterruptStatus                 
0     00008198  SCI_disableInterrupt                     
0     000081dd  SCI_enableInterrupt                      
0     00008221  SCI_writeCharArray                       
0     00008262  SCI_setConfig                            
0     000082a0  Interrupt_initModule                     
0     000082dd  SCI_readCharArray                        
0     00008318  GPIO_setControllerCore                   
0     0000834f  GPIO_setPinConfig                        
0     00008386  GPIO_setQualificationMode                
0     000083bd  Interrupt_enable                         
0     000083f4  GPIO_setDirectionMode                    
0     00008425  __TI_auto_init_nobinit_nopinit           
0     00008450  C$$EXIT                                  
0     00008450  abort                                    
0     00008452  exit                                     
0     000084e0  Interrupt_initVectorTable                
0     000084fe  memcpy                                   
0     00008584  SysCtl_getLowSpeedClock                  
0     000085e5  _c_int00                                 
0     000085fc  Interrupt_defaultHandler                 
0     000086cd  __TI_zero_init_nomemset                  
0     000086da  _args_main                               
0     000086f1  Interrupt_illegalOperationHandler        
0     000086fb  Interrupt_nmiHandler                     
0     0000870e  _register_unlock                         
0     00008712  _register_lock                           
0     00008716  _nop                                     
0     0000871f  __TI_decompress_none                     
0     0000872e  _system_pre_init                         
0     00008730  _system_post_cinit                       
0     0000b070  Device_init                              
0     0000b0b2  Device_enableAllPeripherals              
0     0000b19d  Device_initGPIO                          
0     0000b1be  Device_enableUnbondedGPIOPullupsFor176Pin
0     0000b1d1  Device_enableUnbondedGPIOPullupsFor100Pin
0     0000b1ee  Device_enableUnbondedGPIOPullups         
0     0000b204  Device_configureTMXAnalogTrim            
0     0000b235  __error__                                
0     0000b23c  Example_setResultPass                    
0     0000b241  Example_setResultFail                    
0     0000b246  Example_done                             
0     0000b247  SysCtl_setClock                          
0     0000b55a  main                                     
0     0000b5c2  error                                    
0     0000b5c8  initSCIAFIFO                             
0     0000b607  sciaTXFIFOISR                            
0     0000b655  sciaRXFIFOISR                            
0     0000b6b8  SysCtl_selectXTAL                        
0     0000b748  __c28xabi_divf                           
0     0000b7d0  __TI_decompress_lzss                     
1     00000400  __stack                                  
1     00000500  __TI_STACK_END                           
1     0000aa92  Example_Result                           
1     0000aa94  Example_PassCount                        
1     0000aa96  Example_Fail                             
1     0000aa98  __TI_enable_exit_profile_output          
1     0000aa9a  __TI_cleanup_ptr                         
1     0000aa9c  __TI_dtors_ptr                           
1     0000aa9e  _lock                                    
1     0000aaa0  _unlock                                  
1     0000aaa2  rDataA                                   
1     0000aaa4  sDataA                                   
1     0000aaa6  rDataPointA                              
abs   00000100  __TI_STACK_SIZE                          
abs   ffffffff  __TI_pprof_out_hndl                      
abs   ffffffff  __TI_prof_data_size                      
abs   ffffffff  __TI_prof_data_start                     
n/a   UNDEFED   __c_args__                               

[80 symbols]
